
> gigahrush@1.0.0 test:unit
> node scripts/run-unit-tests.mjs

Unit test selection: 272 files; 299 generation/content files reserved for npm run test:generation.
(node:43661) Warning: `--localstorage-file` was provided without a valid path
(Use `node --trace-warnings ...` to show where the warning was created)
✔ active AI updates every non-player actor in one isotropic pass (690.512542ms)
✔ AI pass depenetrates non-player actors spawned inside fine blockers (40.550042ms)
✔ remote actors tick on the same frame as everyone else (589.320833ms)
✔ dense debug-spawned monsters are not capped out of AI (38.832959ms)
✔ ordinary NPCs all run personal utility instead of an empty placeholder routine (729.757417ms)
✔ monster target acquisition works during scan cooldown (36.342208ms)
✔ monster target acquisition ignores the player while possessing a monster body (436.305375ms)
✔ monster combat fires physical projectiles through the full AI pass (86.499333ms)
✔ live AI pass reaches monster ecology source updates (445.531125ms)
✔ combat NPC acquires nearby monster even during scan cooldown (9.845208ms)
✔ hostile NPC groups keep physical ranged fire in the shared combat step (573.652875ms)
✔ remote wounded actor still receives the ordinary AI pass (479.42975ms)
✔ monster damage makes a weak remote NPC flee instead of standing idle (432.50825ms)
✔ monster damage makes an armed brave NPC target the attacker (11.643291ms)
✔ monster damage never creates monster-vs-monster combat (476.475416ms)
✔ NPC killing a monster through damage stimulus publishes npc kill event (12.907667ms)
STEERING: { x: 0.9486832980505138, y: -0.31622776601683794, nextCell: 167939 }
✔ bfsPath reuses the baked navigation tree for identical endpoints (379.989333ms)
✔ samosbor mode does not invalidate baked navigation without geometry changes (258.277792ms)
✔ frozen navigation cache survives temporary samosbor geometry dirties until unfreeze (393.413958ms)
✔ nested samosbor navigation freezes survive inner wave unfreeze (365.454792ms)
✔ ordinary closed doors are routeable while locked and hermetic doors block navigation (616.357791ms)
✔ ordinary door open and close does not dirty navigation topology (198.989375ms)
✔ door state helper invalidates baked navigation when passability changes (350.613875ms)
✔ baked navigation invalidates and respects full fine blockers (299.514459ms)
✔ followPath treats split-axis drift without waypoint progress as stuck (201.664208ms)
✔ routine gotoRoom assigns every caller from baked navigation during samosbor (211.114292ms)
✔ behavior room flow field assigns many actors from one baked field (193.451042ms)
✔ path steering follows baked path chunks instead of the final point vector (198.849125ms)
✔ followPath string-pulls visible path cells into organic diagonal movement (8.820042ms)
✔ followPath keeps corner safety while smoothing a grid path (5.315208ms)
✔ followPath prefers a visible final goal over a baked tree detour (5.616666ms)
(node:43663) Warning: `--localstorage-file` was provided without a valid path
(Use `node --trace-warnings ...` to show where the warning was created)
✔ actor tactic profile lets slime woman drop bounded residue after combat stimulus (22.147042ms)
✔ actor tactic profile makes slime woman flee local hostile crowd without full-map scan (502.540292ms)
(node:43679) Warning: `--localstorage-file` was provided without a valid path
(Use `node --trace-warnings ...` to show where the warning was created)
✔ A-Life baseline population is independent from runtime memory and mobile hints (0.787333ms)
✔ A-Life new run population uses seed-sized total below technical capacity (256.839833ms)
✔ A-Life clamps oversized saved totals to the technical population capacity (215.676417ms)
✔ A-Life rejects implausibly undersized saved totals back to the run-sized total (181.7595ms)
✔ A-Life event arrivals reserve fixed-pool identities without growing the pool (178.235542ms)
(node:43688) Warning: `--localstorage-file` was provided without a valid path
(Use `node --trace-warnings ...` to show where the warning was created)
✔ floor activation consumes only prefilled A-Life bucket records (627.438208ms)
✔ pending arrival to the active floor materializes the same A-Life id near a lift (170.821375ms)
✔ arrival anchor finder prefers passable cells around lift cells over solid cells (3.196084ms)
✔ arrival anchor finder rotates unpreferred anchors by A-Life salt (6.627416ms)
✔ pending arrival is delayed when actor cap fails or no lift anchor exists (339.271916ms)
✔ pending arrival to another floor stays queued for off-floor migration (147.730666ms)
✔ normal pending arrival is delayed while active samosbor is running (172.757ms)
✔ pending arrival is delayed when the active route disallows NPCs (183.246375ms)
✔ active departure assigns GOTO to a lift anchor (390.750208ms)
✔ active departure does not start without a reachable lift path (326.750792ms)
✔ departure does not start for player, plot NPC, quest NPC or dead NPC (147.57175ms)
✔ departure reaching a lift removes live entity and moves the record to target key (145.722833ms)
✔ unfinished departure captured before reaching lift does not teleport the record (963.070584ms)
✔ active departure updates rotate unfinished prefix entries behind deferred departures (724.522958ms)
(node:43693) Warning: `--localstorage-file` was provided without a valid path
(Use `node --trace-warnings ...` to show where the warning was created)
✔ cold A-Life migration respects cadence unless forced (314.77875ms)
✔ cold A-Life migration starts bounded off-floor journeys without world or entity arrays (180.976666ms)
✔ normal cold migration gives traveler occupations a bounded priority lane (164.016083ms)
✔ cold A-Life migration skips dead records and records already in a journey (489.857292ms)
✔ due inactive-floor journey moves the A-Life record through the record API (217.037959ms)
✔ due active-floor journey queues a pending arrival without materializing an entity (210.057875ms)
✔ due active-floor journey waits when pending arrival queue is full (207.233375ms)
✔ full active-floor pending queue does not starve later due inactive-floor journeys (182.399959ms)
✔ forced cold tick hard-caps processed records (200.366584ms)
✔ A-Life mobility sanitizer and save view cap journeys and pending arrivals (379.23775ms)
✔ game save payload includes persistent A-Life mobility section (307.866458ms)
(node:43708) Warning: `--localstorage-file` was provided without a valid path
(Use `node --trace-warnings ...` to show where the warning was created)
✔ A-Life default population baseline ignores runtime memory (0.896875ms)
✔ A-Life population plan pre-fills records, reserved identities and empty buckets (15.001208ms)
✔ A-Life movement updates floor buckets once, clears stale coordinates and saves override (3.385625ms)
✔ A-Life floor sampling is cursor based, bounded and skips dead records (1.256208ms)
✔ A-Life snapshots are copies, not mutable record access (0.98475ms)
✔ A-Life arrival materializes one persistent record through the shared NPC constructor (43.376042ms)
✔ A-Life mobile runtime keeps the same baseline despite large memory hints (0.141875ms)
✔ A-Life materializes ambient slots and leaves killed slots empty (412.366833ms)
✔ A-Life materialization preserves local template anchors separately from social record family (38.031666ms)
✔ A-Life ordinary materialization assigns faction art visual ids without overriding templates (85.596667ms)
✔ A-Life population package reservations materialize with exact runtime defaults and loadout (51.287959ms)
✔ A-Life killed population package reservation does not rematerialize on floor revisit (25.745167ms)
✔ A-Life event-only package reservation stays out of ordinary materialization slots (37.377042ms)
✔ A-Life population package foldback stores changed sparse state without live entities (49.434084ms)
✔ event-created ordinary NPC receives persistent A-Life identity (216.884541ms)
✔ event-created ordinary NPC does not inherit an existing A-Life identity or death slot (276.545792ms)
✔ A-Life player relations are regenerated for a new death-continuation host (200.621083ms)
✔ A-Life death-continuation relation reset stays a compact current-player baseline (185.3235ms)
✔ A-Life caps sanitized and saved dead ids (257.660375ms)
✔ A-Life quest candidates are bounded instead of every persistent NPC offering work (224.630625ms)
✔ A-Life design-floor records use Floor 69 social population mix (232.243125ms)
✔ A-Life current route plan replaces blocked Floor 69 in strict portal mode (183.929458ms)
✔ A-Life generation keeps broad level tail and splits wealth mostly into account balance (185.655125ms)
✔ A-Life materialization preserves template sprite identity for special floors (11.928459ms)
✔ A-Life materializes cash and account wealth as separate NPC fields (175.289792ms)
✔ A-Life restored floor entities preserve account wealth on capture (142.300834ms)
✔ A-Life leaderboard includes the player as a ranked actor (162.216625ms)
✔ A-Life leaderboard cache respects requested limits (172.292834ms)
✔ A-Life selectCinematicExtras retrieves correct live NPCs (7.548541ms)
✔ generated Olga and liquidator animation frame packs match source intake contract (8.282625ms)
✔ animated texture cache key includes frame identity and dimensions (0.94825ms)
✔ animated texture LRU eviction trims oldest entries to target size (0.96525ms)
✔ animated texture resolver registry is explicit and resettable (0.11025ms)
(node:43737) Warning: `--localstorage-file` was provided without a valid path
(Use `node --trace-warnings ...` to show where the warning was created)
▶ arena_betting
  ✔ calculateOdds returns bounded values (0.566042ms)
  ✔ calculateOdds handles zeroes safely (0.096875ms)
✔ arena_betting (1.400833ms)
✔ first-party art sprite manifest validates source files and generated pixels (18.418708ms)
✔ first-party NPC art resolves through visual ids while unknown ids fall back procedurally (1.669ms)
✔ fixed art visual families reuse texture keys by visual id and variant (7.688375ms)
✔ ordinary NPC art auto-selects occupation before faction and preserves sexed scientist art (0.888708ms)
✔ monster art remains a visual future path and procedural monsters still generate (1.07625ms)
(node:43741) Warning: `--localstorage-file` was provided without a valid path
(Use `node --trace-warnings ...` to show where the warning was created)
✔ positional audio does not wake context while page audio is suspended (0.794167ms)
✔ audio resumes only after every suspend reason is cleared (0.366208ms)
(node:43742) Warning: `--localstorage-file` was provided without a valid path
(Use `node --trace-warnings ...` to show where the warning was created)
✔ ensureBankingState initializes missing banking state (8.935792ms)
✔ banking state normalizes old saves to an empty account with no debt (0.134792ms)
✔ banking state normalizes partial or invalid objects with correct bounds (0.109542ms)
✔ cash can move to account and back without overdrawing either side (8.092708ms)
✔ loans increase account balance and repayment clears interest before principal (0.282542ms)
✔ deposits accrue bounded interest and close back into account (0.238917ms)
✔ closeDeposit returns 0 and does nothing if deposit is empty (0.090709ms)
✔ bankingForSave returns bounded plain state (0.495791ms)
✔ normalizeBankingState handles invalid ledger types gracefully (0.079041ms)
✔ tickBankingInterest limits early returns and handles various edge cases (0.163625ms)
✔ bankingSummary returns correct aggregation of banking state (0.121166ms)
✔ bankingForSave returns a distinct clone of the banking state (0.093625ms)
▶ calculateDamage
  ✔ calculates normal damage correctly (0.559458ms)
  ✔ clamps damage to 0 when negative (0.06625ms)
  ✔ handles zero values correctly (0.056625ms)
✔ calculateDamage (1.388208ms)
(node:43750) Warning: `--localstorage-file` was provided without a valid path
(Use `node --trace-warnings ...` to show where the warning was created)
✔ runtime camera follows the controlled actor by default (0.903125ms)
✔ runtime player camera adds bounded inertial head bob from real movement (2.751917ms)
✔ free camera moves without mutating the controlled actor (2.8095ms)
✔ death camera captures actor transform and stops following later actor movement (14.061667ms)
✔ death camera drops to floor height and clamps there (3.792542ms)
✔ death camera bounces from solid world cells (2.7605ms)
✔ death camera wraps toroidal coordinates (3.929792ms)
✔ camera module does not expose old death camera entry points (0.127041ms)
(node:43751) Warning: `--localstorage-file` was provided without a valid path
(Use `node --trace-warnings ...` to show where the warning was created)
✔ chalk pickup creates one colored tool instance per slot (19.474625ms)
✔ equipped chalk paints one floor surface pixel under the player (4.5805ms)
✔ map surface markers only include cells explicitly marked by chalk (4.702417ms)
✔ chalk does not paint wall cells (10.789959ms)
✔ chernobogDocketGateItems returns expected items (1.389834ms)
✔ isChernobogDocketItem correctly identifies valid and invalid items (0.087166ms)
✔ chernobogDocketGateItems returns expected gate items (2.492916ms)
✔ isChernobogDocketItem correctly identifies docket items (1.279375ms)
(node:43759) Warning: `--localstorage-file` was provided without a valid path
(Use `node --trace-warnings ...` to show where the warning was created)
✔ cinematic_actors - select cinematic extras using spatial index (2.745959ms)
✔ cinematic_actors - extract and release npc (0.3085ms)
✔ cinematic_actors - ai skips cinematic actors (262.612375ms)
✔ Agility asymptotically reduces reload time (0.79ms)
✔ calculateDamage does not reduce damage when armor is empty (0.990875ms)
✔ calculateDamage applies percentage resistance from armor (0.113459ms)
✔ calculateDamage handles zero damage (0.068834ms)
✔ calculateDamage returns unmodified damage when damageType is undefined (0.057792ms)
(node:43763) Warning: `--localstorage-file` was provided without a valid path
(Use `node --trace-warnings ...` to show where the warning was created)
✔ combat_stimulus: player attacks hostile MONSTER (13.96125ms)
✔ combat_stimulus: monster attacks monster is ignored (3.481584ms)
✔ combat_stimulus: NPC ignores STARTLED threat (2.81675ms)
✔ combat_stimulus: threat pressure caps correctly (2.507666ms)
✔ combat_stimulus: NPC flees when outmatched (3.570334ms)
(node:43769) Warning: `--localstorage-file` was provided without a valid path
(Use `node --trace-warnings ...` to show where the warning was created)
✔ player consequence events leave room memory residue bits (2.343834ms)
✔ witnessed theft becomes context fact, room memory, and rumor lead (12.47725ms)
✔ rare trade event becomes a concrete rumor lead (0.700875ms)
(node:43773) Warning: `--localstorage-file` was provided without a valid path
(Use `node --trace-warnings ...` to show where the warning was created)
✔ recent event context flags are derived from bounded world event history (11.989833ms)
✔ screen signal rumor pools point to gameplay surfaces (0.891667ms)
✔ runtime event rumors keep floor zone and room context in leads (29.085833ms)
(node:43777) Warning: `--localstorage-file` was provided without a valid path
(Use `node --trace-warnings ...` to show where the warning was created)
✔ keyboard rebinding appends keys without stealing them from other actions (1.746542ms)
✔ main gameplay keys are rebindable and can share one physical key (0.282958ms)
✔ menu accept, close, clear and mouse buttons are ordinary bindings (0.221333ms)
✔ Space and Backspace can be shared with gameplay actions (0.334458ms)
✔ sprint is a held Shift movement binding (0.18175ms)
✔ listed actions can be cleared and the Backspace command is listed like other bindings (0.1595ms)
✔ capture assigns Enter, Space, Backspace, Escape and modifier keys (0.206375ms)
▶ safeParseJson
  ✔ parses valid JSON successfully (1.240667ms)
  ✔ prevents prototype pollution via __proto__ (0.088625ms)
  ✔ prevents prototype pollution via constructor (0.063375ms)
  ✔ prevents prototype pollution via prototype (0.057375ms)
  ✔ throws on invalid JSON (0.209667ms)
✔ safeParseJson (2.390375ms)
✔ xorshift32 produces deterministic sequence for a given seed (0.946916ms)
✔ xorshift32 handles zero seed by falling back to 1 (0.083667ms)
✔ xorshift32 handles negative and fractional seeds with bitwise truncation (0.072375ms)
✔ xorshift32 generated values are exclusively within [0, 1) (0.314875ms)
✔ xorshift32 produces the known exact sequence for seed 1 (0.077583ms)
✔ pickFrom returns the first item when random source evaluates to 0 (0.069958ms)
✔ pickFrom returns the last item when random source evaluates to just under 1 (0.159042ms)
✔ pickFrom returns the correct middle item (0.0535ms)
✔ pickFrom returns undefined when array is empty (0.080667ms)
▶ msgAt
  ✔ creates a message object incorporating clock time (0.712458ms)
  ✔ merges location properties (0.116958ms)
  ✔ handles distanceMeters correctly (0.108917ms)
  ✔ applies Math.floor to id fields (0.110375ms)
  ✔ filters out Infinity and -Infinity from location (0.134875ms)
  ✔ filters out NaN from location (0.121541ms)
  ✔ handles missing location properties gracefully (0.096042ms)
  ✔ overrides base location properties from _msgLocationProvider if provided (0.1025ms)
✔ msgAt (2.24025ms)
✔ World wraps coordinates and measures toroidal distance (3.390167ms)
✔ World get() and set() correctly handle out-of-bounds coordinates via toroidal wrap (2.718458ms)
✔ classifyReachabilityCell correctly classifies all cell types and door states (10.715666ms)
✔ World solid() respects door states and passable cells (4.646791ms)
✔ reachability audit classifies door gates, water, and lift adjacency (5.693834ms)
✔ reachability audit returns empty early if start cell is impassable (6.368625ms)
✔ reachability audit upgrades queue rank when finding better paths (4.1435ms)
✔ hasReachableAdjacentCell short-circuits on different sides (4.15325ms)
✔ World dirty markers are monotonic signed counters (4.311875ms)
✔ World bakeLights lights nearby cells without leaking past radius (20.14775ms)
✔ World bakeLights blocks lamp propagation behind walls (26.017417ms)
✔ World bakeLights blocks closed doors and passes open doors (44.31625ms)
✔ World bakeLights makes candles smaller and weaker than lamps (36.228417ms)
✔ clearVisualSlots resets slots for a given cell, marks dirty, and returns true (7.452666ms)
✔ clearVisualSlots returns false and does not mark dirty if slots are already empty (2.24875ms)
✔ clearVisualSlots only clears the targeted cell and leaves adjacent cells untouched (3.414625ms)
✔ corporation catalog validates and exposes lookup maps (1.025875ms)
✔ corporations reference existing economy resources and factories (0.133333ms)
✔ required corporation taste hooks stay present (0.106416ms)
✔ stock signals are declarative and reference catalog corporations (0.118625ms)
(node:43788) Warning: `--localstorage-file` was provided without a valid path
(Use `node --trace-warnings ...` to show where the warning was created)
✔ craft menu layout fits base, desktop widescreen, and mobile portrait canvases (0.9985ms)
✔ craft material panel always exposes nine fitting labels (1.103584ms)
✔ craft material panel decodes every short code inside the material column (0.176875ms)
✔ craft vector labels keep material colors and disambiguate metal from metamatter (0.160792ms)
✔ selected recipe missing-material line fits compact detail panel (0.228417ms)
✔ empty craft and disassembly snapshots expose fallback text (0.101292ms)
✔ craft menu entries follow the active mode and cursor clamps after shrink (0.3205ms)
✔ trivial food, drink and document compositions stay cheap (1.604792ms)
✔ metamatter recipes are endgame, deep, or unique (0.332958ms)
✔ common starter food, drink and documents do not use rare materials (0.32775ms)
✔ PSI weapon items require psimatter (0.070208ms)
✔ high-tech and energy weapons require electronics or cybernetics (0.197125ms)
✔ ammo compositions include chemical or metal material (0.1185ms)
✔ weapon compositions include at least one weapon-relevant material (0.147959ms)
✔ all item ids have exactly one craft composition (10.672625ms)
✔ craft composition vectors are 9 finite non-negative integer counts (1.869458ms)
✔ all recipes are item-based, unique, and reference existing item ids (3.992916ms)
✔ recipe component vectors equal item compositions (1.513125ms)
✔ rare craft material usage is bounded and documented (1.201167ms)
✔ isCraftMaterialId correctly identifies valid and invalid material ids (0.272417ms)
✔ validateCraftVector detects invalid vectors (0.283458ms)
✔ craft material ids keep the shared nine-slot order (1.41975ms)
✔ craft recipes and compositions resolve item ids (0.813542ms)
✔ recipe source definitions resolve recipes (0.225042ms)
✔ craft station interactive references resolve (0.349167ms)
✔ crafting event types are registered as world events (0.078ms)
✔ known-by-default recipes resolve to item-backed recipes (0.148917ms)
(node:43796) Warning: `--localstorage-file` was provided without a valid path
(Use `node --trace-warnings ...` to show where the warning was created)
✔ createCraftingState initializes materials, default recipes, and metadata (1.7245ms)
✔ createCraftingState initializes fields to defaults (0.178917ms)
✔ sanitizeCraftingState with non-record input creates default state (0.129292ms)
✔ adding crafting materials clamps to the material bank cap (0.315583ms)
✔ learning a craft recipe returns true once and false on duplicates (0.848875ms)
✔ disassembly picks deterministic material, removes one item, and can learn recipe below chance threshold (0.633708ms)
✔ disassembly removes the selected slot when duplicate item ids carry different data (0.171625ms)
✔ disassembly learn chance does not learn recipe at or above threshold (0.145375ms)
✔ crafting fails unknown and sanitized unknown learned recipe ids without mutation (0.200708ms)
✔ crafting fails with insufficient materials without mutation (0.165667ms)
✔ crafting checks inventory capacity before consuming materials (0.180458ms)
✔ crafting success consumes exact material vector and adds output item atomically (0.284292ms)
(node:43797) Warning: `--localstorage-file` was provided without a valid path
(Use `node --trace-warnings ...` to show where the warning was created)
✔ save payload includes compact crafting section and bumped shape version (422.634917ms)
✔ save payload splits oversized physical inventory stacks to byte slots (252.797083ms)
✔ restore sanitizes malformed material vector to exactly nine clamped integers (0.160458ms)
✔ restore drops unknown recipes and collapses duplicate known ids (0.1135ms)
✔ craftingForSave serializes known recipes as ids only (0.209917ms)
✔ old save versions are rejected by existing shape policy (0.091666ms)
(node:43800) Warning: `--localstorage-file` was provided without a valid path
(Use `node --trace-warnings ...` to show where the warning was created)
✔ craftRecipeExists returns true for existing recipes and false for non-existent ones (0.851709ms)
✔ craftRecipeDisplayName returns the item name if the recipe exists and item has a name (0.095209ms)
✔ craftRecipeDisplayName returns item id or recipe id if not found (0.110333ms)
✔ sanitizeCraftingState handles bad inputs gracefully (5.339542ms)
✔ craftEntryMissingLine returns ничего for empty missing materials (0.117291ms)
✔ craftEntryMissingLine returns single material short name and count (0.085792ms)
✔ craftEntryMissingLine returns multiple materials separated by double spaces (0.05875ms)
✔ craftEntryMissingLine ignores negative values and zero values (0.053541ms)
(node:43804) Warning: `--localstorage-file` was provided without a valid path
(Use `node --trace-warnings ...` to show where the warning was created)
✔ debug command ids are unique and resolve to menu indexes (4.868042ms)
✔ smoke debug hooks have stable command ids (0.241709ms)
✔ revealmap debug command has a stable id (0.073417ms)
✔ map editor debug command stays in the top cheat block (0.083625ms)
✔ smoke playability script calls hooks by stable ids (0.799792ms)
(node:43805) Warning: `--localstorage-file` was provided without a valid path
(Use `node --trace-warnings ...` to show where the warning was created)
✔ Demos AI social helper reads outgoing friend and enemy slots from supplied live map (278.664125ms)
✔ Demos AI social helper does not search incoming edges (174.720625ms)
✔ Demos AI social helper uses caller supplied live map and ignores off-map relations (207.715833ms)
✔ Demos persistent post ring cap 512 drops oldest entries (8.008792ms)
✔ Demos persistent reaction ring cap 2048 drops oldest entries (4.158417ms)
✔ Demos persistent mentions are capped and deduped (2.305458ms)
✔ Demos persistent posts never store rendered text (0.988083ms)
✔ Demos social sanitizer clamps relation values and drops invalid posts or reactions (5.216917ms)
✔ Demos social save module does not migrate old or missing save shapes (0.457875ms)
✔ Demos social save helpers restore and export only sanitized current state (0.138292ms)
(node:43811) Warning: `--localstorage-file` was provided without a valid path
(Use `node --trace-warnings ...` to show where the warning was created)
✔ Demos profile traits are deterministic and capped to four slots (4.98075ms)
✔ Demos profile details expose live A-Life page fields and recent feed hints (10.613ms)
✔ Demos profile details expose package bio capital and perk tags (1.394792ms)
✔ Demos profile interests do not repeat visible perk labels (1.627917ms)
✔ Demos social counts use outgoing links only (0.332958ms)
✔ Demos profile social links read the shared outgoing graph when no override exists (4.434708ms)
✔ Demos child profile family label comes from outgoing parent edge (3.11725ms)
✔ Demos dead profiles keep traits and outgoing social summary (2.240292ms)
✔ Demos face-to-face helper rejects NPCs without stable A-Life identity (0.579708ms)
✔ Demos one-profile view uses compact trait cache instead of profile-list allocation (282.804334ms)
(node:43817) Warning: `--localstorage-file` was provided without a valid path
(Use `node --trace-warnings ...` to show where the warning was created)
✔ can build a Demos notice from a canGiveQuest A-Life snapshot (12.51475ms)
✔ dead giver does not create a fresh accept-ready notice (0.109334ms)
✔ Demos notices are capped and social ticks create at most two notices (13.580541ms)
✔ Demos notice floor labels never expose raw floor keys (1.680417ms)
✔ same seed and context selects the same notice deterministically (0.206584ms)
✔ notice profile view requires a face-to-face visit and does not accept from Demos (0.94175ms)
✔ Demos profile exposes a quest notice section view model (2.926708ms)
✔ Demos notice speech keeps locked authored text exact (0.590458ms)
✔ notice handoff event data carries compact A-Life and source ids (1.6475ms)
✔ notice handoff can resolve the active Demos notice from a face-to-face giver id (1.560625ms)
✔ notice selection does not access inactive floor geometry (0.183958ms)
✔ Demos social director creates one reply and does not recurse replies (1.630958ms)
✔ Demos social director caps mentions from event facts (0.799125ms)
✔ Demos social director consumes bounded event slices without floor scans (0.216625ms)
✔ Demos friend and enemy reactions differ for the same post (0.093958ms)
✔ Demos social director routes capped relation deltas through adapter (0.191167ms)
(node:43821) Warning: `--localstorage-file` was provided without a valid path
(Use `node --trace-warnings ...` to show where the warning was created)
✔ Demos event feedback caps relation outcomes per tick (310.420541ms)
✔ Demos death feedback worsens family relation toward a known killer (213.081ms)
✔ Demos help and rescue feedback improves directed relation (166.088375ms)
✔ Demos social journey rejects dead, NPC-forbidden and player/native actors (641.27825ms)
✔ Demos social journey blocks ordinary visits during active samosbor (187.34425ms)
✔ Demos social journey delegates to migration state without direct floor mutation (213.685375ms)
✔ Demos active-floor social journey starts visible departure instead of teleporting (372.599917ms)
(node:43822) Warning: `--localstorage-file` was provided without a valid path
(Use `node --trace-warnings ...` to show where the warning was created)
✔ Demos social graph is deterministic for the same A-Life seed and state (6.698708ms)
✔ Demos social constants expose player plus nine NPC public slots (0.085ms)
✔ Demos social graph changes at least some edges for a different seed (2.061208ms)
✔ Demos social graph stores only valid directed NPC targets and relation bytes (0.9225ms)
✔ Demos social graph leaves empty NPC slots with the -128 relation sentinel (0.469833ms)
✔ Demos player relation is stored in public slot zero and exposed with outgoing edges (0.631834ms)
✔ Demos relation delta to player persists as the same relation override shape (0.854959ms)
✔ Demos relation deltas propagate through source friends and enemies (0.657166ms)
✔ Demos child records receive parent edges from controlled family state (1.241459ms)
✔ Demos social parent candidates use age instead of occupation label (1.004583ms)
✔ Demos dead family targets remain returnable as visible history edges (0.705791ms)
✔ Demos social graph applies optional authored plot relations (0.372917ms)
✔ Demos package-authored links resolve package ids to A-Life ids (1.256083ms)
✔ Demos bidirectional package link compiles into two directed edges without duplicates (4.066208ms)
✔ Demos sparse saved relation override wins over package base relation (2.13725ms)
✔ Demos package social links keep one-profile views lazy for large pools (231.189834ms)
✔ Demos social stats report byte storage under seven megabytes for 100k records (195.076375ms)
✔ demosSocialVisitIntent returns correct intent for all defined reasons (0.770125ms)
✔ demosSocialVisitIntent returns default intent for invalid or unknown reasons (0.0715ms)
(node:43824) Warning: `--localstorage-file` was provided without a valid path
(Use `node --trace-warnings ...` to show where the warning was created)
✔ dice stake is ten percent of NPC money with positive minimum (0.93775ms)
✔ dice rolls stay in two six-sided bone dice bounds (0.841042ms)
✔ dice winner is the highest score at or below twenty one (0.082375ms)
✔ dice starts as transient NPC game and publishes a bet event (1.049667ms)
✔ standing in dice lets NPC roll and pays the player when NPC busts (0.400834ms)
✔ dice player bust transfers the stake to NPC (0.181667ms)
✔ dice draw leaves money in place and publishes no settlement event (0.160708ms)
✔ dice settlement never makes payer money negative (0.127459ms)
(node:43831) Warning: `--localstorage-file` was provided without a valid path
(Use `node --trace-warnings ...` to show where the warning was created)
✔ domino set uses the classic double-six 28 tile box (0.854792ms)
✔ domino opening prefers the highest double, then highest pip sum (0.727375ms)
✔ domino tile fit checks both exposed board ends (0.097291ms)
✔ domino starts with seven tiles each and publishes an NPC bet event (5.063041ms)
✔ NPC opens domino automatically when it owns the highest double (0.3355ms)
✔ domino blocked round pays the lower pip sum winner (0.433ms)
✔ domino stake is ten percent of NPC money and settlement caps by payer cash (0.160625ms)
(node:43833) Warning: `--localstorage-file` was provided without a valid path
(Use `node --trace-warnings ...` to show where the warning was created)
✔ durak cover rules follow suit and trump hierarchy (0.848417ms)
✔ lowest trump holder becomes first attacker with deterministic no-trump fallback (0.152125ms)
✔ npc defense chooses the cheapest same-suit cover before spending trump (0.850083ms)
✔ attacks can only add table ranks and respect defender starting hand cap (0.1155ms)
✔ durak starts with six-card hands, fixed trump and an NPC menu session (1.387583ms)
✔ forfeiting durak transfers the fixed stake to NPC and publishes gambling loss (1.857708ms)
✔ durak stake is fixed from NPC money and settlement never makes payer negative (0.18425ms)
✔ economy weapon ladder prices PSI, energy and late gear for long progression (4.256083ms)
✔ physical weapon price floors keep early cash meaningful and late weapons expensive (0.184333ms)
✔ procedural loot caps are danger and depth bounded (0.234667ms)
✔ quest reward math scales by depth and tags while save difficulty stays bounded (0.291458ms)
(node:43849) Warning: `--localstorage-file` was provided without a valid path
(Use `node --trace-warnings ...` to show where the warning was created)
✔ ensureEconomyState initializes economy state when undefined (1.824666ms)
✔ ensureEconomyState normalizes invalid economy state (0.15275ms)
✔ ensureEconomyState adds current floor if missing (5.193458ms)
✔ ensureEconomyState returns existing state when valid and floor exists (0.2075ms)
(node:43850) Warning: `--localstorage-file` was provided without a valid path
(Use `node --trace-warnings ...` to show where the warning was created)
✔ invalidateEconomyPrices increments priceVersion (1.112583ms)
✔ invalidateEconomyPrices forces getAdjustedItemPrice to recalculate (0.859458ms)
(node:43857) Warning: `--localstorage-file` was provided without a valid path
(Use `node --trace-warnings ...` to show where the warning was created)
✔ normalizeGameEconomy loads saved economy and sets it on state (1.275875ms)
✔ normalizeGameEconomy initializes current floor if missing from save (0.117ms)
✔ normalizeGameEconomy clears price cache (50.948458ms)
(node:43858) Warning: `--localstorage-file` was provided without a valid path
(Use `node --trace-warnings ...` to show where the warning was created)
✔ getResourceContractPressure calculates pressure correctly based on stock and targets (11.275708ms)
✔ getResourceContractPressure falls back to 1 for missing resource or stock (0.593875ms)
(node:43859) Warning: `--localstorage-file` was provided without a valid path
(Use `node --trace-warnings ...` to show where the warning was created)
✔ getItemPriceMultiplier returns 1 for unknown item (5.165ms)
✔ getAdjustedItemPrice returns 0 for unknown item (8.148125ms)
✔ getItemPriceMultiplier returns valid multiplier for existing item (0.89625ms)
✔ getAdjustedItemPrice returns valid price for existing item (0.181542ms)
✔ getItemPriceMultiplier uses cache and updates when stock changes (4.603667ms)
✔ primeTradePriceCache pre-populates the cache for given inventories (0.203667ms)
(node:43864) Warning: `--localstorage-file` was provided without a valid path
(Use `node --trace-warnings ...` to show where the warning was created)
✔ getAdjustedItemPrice returns 0 for an unknown item (1.185333ms)
✔ getAdjustedItemPrice calculates price and matches base getEconomyQuote (2.072792ms)
✔ getAdjustedItemPrice caches the calculated price (0.467459ms)
✔ getAdjustedItemPrice invalidates cache on floor change or version change (7.269792ms)
(node:43865) Warning: `--localstorage-file` was provided without a valid path
(Use `node --trace-warnings ...` to show where the warning was created)
✔ recordPlayerItemSale logic correctly categorizes handoff to scientists (2.198083ms)
✔ recordPlayerItemSale logic correctly categorizes confiscation by liquidators (8.467541ms)
✔ recordPlayerItemSale logic correctly categorizes contraband sale to black market (WILD) (0.276709ms)
✔ recordPlayerItemSale logic categorizes deceptive item sale as witnessed pressure sale (0.392042ms)
✔ recordPlayerItemSale logic logs normal sale for regular items (0.1505ms)
✔ recordPlayerItemSale logic bails out early for invalid items (0.102833ms)
(node:43867) Warning: `--localstorage-file` was provided without a valid path
(Use `node --trace-warnings ...` to show where the warning was created)
✔ canSpendResources returns true for empty inputs (1.172334ms)
✔ canSpendResources returns true when the floor has enough stock (4.171208ms)
✔ canSpendResources returns false when the floor does not have enough stock (1.658875ms)
✔ canSpendResources returns false when requesting an unknown resource (0.099708ms)
✔ canSpendResources handles multiple resources correctly (0.243375ms)
✔ canSpendResources respects the specified floor vs current floor (0.201709ms)
(node:43869) Warning: `--localstorage-file` was provided without a valid path
(Use `node --trace-warnings ...` to show where the warning was created)
✔ getScarcityAdjustedReward scales linearly when multiplier is 1 (1.261292ms)
✔ getScarcityAdjustedReward boosts rewards when resource is scarce (0.950208ms)
✔ getScarcityAdjustedReward uses cap properly (0.543583ms)
✔ getScarcityAdjustedReward applies RPG int multiplier (32.545458ms)
✔ getScarcityAdjustedReward does not go below baseReward when there is a surplus (0.169209ms)
✔ getScarcityAdjustedReward handles invalid resourceId gracefully (0.094166ms)
✔ getScarcityAdjustedReward rounds results properly (0.08ms)
(node:43870) Warning: `--localstorage-file` was provided without a valid path
(Use `node --trace-warnings ...` to show where the warning was created)
✔ getResourceScarcity returns 1 for an unknown resource ID (1.174834ms)
✔ getResourceScarcity returns 1 when stock equals target (20.261208ms)
✔ getResourceScarcity returns less than 1 when stock is greater than target (surplus) (0.784125ms)
✔ getResourceScarcity returns greater than 1 when stock is less than target (deficit) (0.230125ms)
✔ getResourceScarcity defaults to currentFloor if floor parameter is not provided (0.2715ms)
(node:43871) Warning: `--localstorage-file` was provided without a valid path
(Use `node --trace-warnings ...` to show where the warning was created)
✔ spendResources successfully spends resources and returns true (1.313625ms)
✔ spendResources returns false and does not mutate stock if resources are insufficient (9.027417ms)
✔ spendResources returns false if resource is missing entirely (0.577291ms)
✔ spendResources respects the passed floor level argument (0.21075ms)
(node:43876) Warning: `--localstorage-file` was provided without a valid path
(Use `node --trace-warnings ...` to show where the warning was created)
✔ summarizeEconomy returns expected formatted strings (5.653209ms)
✔ summarizeEconomy respects the limit parameter (0.165042ms)
✔ summarizeEconomy handles missing floor state (0.135125ms)
✔ summarizeEconomy correctly calculates multiplier (scarcity) (0.136458ms)
(node:43877) Warning: `--localstorage-file` was provided without a valid path
(Use `node --trace-warnings ...` to show where the warning was created)
✔ registerEconomyTariffProvider adds a new provider and overrides existing if ID matches (16.65925ms)
(node:43878) Warning: `--localstorage-file` was provided without a valid path
(Use `node --trace-warnings ...` to show where the warning was created)
✔ floor demand makes water dearer on KVARTIRY than LIVING at the same stock (1.767916ms)
✔ maintenance local tariffs keep metal and tools no dearer than LIVING at normal stock (0.256125ms)
✔ buying water from an NPC moves one item, money, event data and floor supply (1.787ms)
✔ selling water to an NPC moves one item, money, event data and floor supply (23.191125ms)
✔ failed trades do not mutate money, inventories or resource stock (0.287583ms)
✔ primeTradePriceCache handles empty and undefined inventories safely (0.133375ms)
✔ primeTradePriceCache correctly caches prices for valid items (0.137791ms)
✔ primeTradePriceCache enforces max cache limit without crashing (0.271084ms)
(node:43883) Warning: `--localstorage-file` was provided without a valid path
(Use `node --trace-warnings ...` to show where the warning was created)
✔ finance UI falls back to cash when optional systems are absent (1.792083ms)
✔ finance UI reads optional banking and stock state defensively (6.509375ms)
✔ trade price display includes fallback price reason and affordability status (1.189542ms)
✔ inventory room check treats existing stacks as space (0.107417ms)
✔ inventory room check handles undefined and empty inventories (0.0685ms)
✔ inventory room check handles missing or invalid item definitions (6.853708ms)
✔ inventory room check respects stack limits and custom data (0.157958ms)
✔ inventory room check handles items with explicit small stack limits (0.09175ms)
✔ trade UI gracefully falls back when economy quote system throws error (0.34775ms)
✔ readFinanceSnapshot clamps missing or negative money to 0 (0.509375ms)
✔ readFinanceSnapshot correctly aggregates basic banking and stock state (0.546625ms)
✔ readFinanceSnapshot fully integrates banking and stock properties (0.383541ms)
✔ readFinanceSnapshot handles null player and missing state safely (0.139334ms)
(node:43884) Warning: `--localstorage-file` was provided without a valid path
(Use `node --trace-warnings ...` to show where the warning was created)
✔ economyForSave ensures economy state and returns it (1.073708ms)
✔ invalidateEconomyPrices increments price version (0.104708ms)
✔ normalizeGameEconomy sets up economy and deletes price caches (0.094083ms)
(node:43886) Warning: `--localstorage-file` was provided without a valid path
(Use `node --trace-warnings ...` to show where the warning was created)
✔ placeEmergencyPanel creates panel and modifies world state properly (16.431916ms)
✔ placeEmergencyPanel returns null if cell is not floor or water (2.228167ms)
✔ placeEmergencyPanel handles missing panel definitions gracefully (3.323125ms)
✔ generateSprite creates a Uint32Array of expected size (1.03275ms)
✔ generateSprite produces a deterministically generated sprite (0.886667ms)
✔ generateSprite draws the eel body (0.267083ms)
✔ generateSprite draws the glowing eyes (0.156292ms)
✔ entity index keeps alive byId entries and ignores dead entities (9.036458ms)
✔ entity index exposes live AI actors and projectiles (7.658792ms)
✔ entity index radius queries wrap around the torus edge (1.040875ms)
✔ entity index type masks filter query results (0.896333ms)
✔ entity index type-specific dynamic buckets follow simulation rebuild movement (1.501625ms)
✔ billboard entities are visible but not actors or item drops (0.842125ms)
✔ entity index capped radius queries stop at the requested count (1.09075ms)
✔ entity index capped radius query keeps nearest results instead of first bucket entries (0.806125ms)
✔ entity index capped radius query tie-breaks by stable id instead of storage order (3.367042ms)
✔ entity index capped radius pruning preserves wrapped bucket ties (0.785125ms)
✔ entity index capped path query keeps earliest path hits instead of first bucket entries (1.009875ms)
✔ entity index exposes debug version, entity counts and bucket stats (0.796875ms)
✔ planned simulation rebuild is idempotent per frame token (0.965459ms)
✔ runtime ensure uses the dynamic simulation path when the flat entity array grows in place (0.305416ms)
✔ simulation rebuild preserves static visible byId entries and prunes dead ones (1.168709ms)
✔ runtime dirty mark forces ensure to rebuild moved entity buckets (0.377209ms)
✔ entity soft limits are centralized by gameplay type (1.492583ms)
✔ entity spawn slots stop population spawns at the shared active actor ceiling (7.284375ms)
✔ entity spawn slots ignore unrelated and dead entities (0.130042ms)
✔ monster and NPC slots share one live actor pool (2.694334ms)
✔ native player body is outside the shared actor population cap (3.271042ms)
✔ floor object slots are shared by projectiles item drops and billboards (43.122708ms)
✔ active actor soft cap can be adjusted for a new run (0.376125ms)
(node:43895) Warning: `--localstorage-file` was provided without a valid path
(Use `node --trace-warnings ...` to show where the warning was created)
✔ world event taxonomy is runtime-auditable and keeps generic faction events typed (1.026083ms)
✔ world event buffers cap, order newest first, and filter by zone/severity (12.610541ms)
✔ world event normalization trims old save payloads to fixed capacities (5.154416ms)
✔ world event normalization preserves order and advances next id beyond restored events (1.274333ms)
✔ world event publication clamps payloads before notifying observers (2.5805ms)
✔ world event observers dispatch from a snapshot and isolate failures (0.398834ms)
✔ world event observers gracefully handle missing console.warn (0.527541ms)
✔ world event observer error logging is bounded per publication (0.55825ms)
✔ AG82 idol branch completion returns the idol and publishes branch context (7.316875ms)
✔ economy state normalizes invalid resources and preserves valid saved values (0.287666ms)
✔ economy state restore drops invalid floor keys and caps route maps (0.662042ms)
✔ economy save normalization fills missing floors and drops unknown resources (0.170208ms)
✔ economy resource spending clamps stock and affects item prices (1.26025ms)
✔ critical survival scarcity caps price pressure and contract rewards (0.276083ms)
✔ economy price cache invalidates when stock changes and debug summary stays bounded (0.192208ms)
✔ samosbor director registry ignores duplicate beat ids (0.084166ms)
✔ samosbor director cadence, beat cooldowns, and events stay bounded (393.097583ms)
✔ active maronary door malfunction ignores protected hermetic doors (9.364209ms)
✔ container take/put refuses full targets without changing source counts (1.054625ms)
✔ container put moves exactly one selected stack unit (0.259292ms)
✔ witnessed container theft marks audit, memory, event context, and faction pressure once (12.423875ms)
✔ unseen container theft stays private until a nearby owner faction audit (5.920042ms)
✔ container audit tick surfaces unseen owner theft without reopening the box (3.733959ms)
✔ saved containers outside regenerated topology are dropped on restore (19.0015ms)
✔ production state cannot write output into another floor container id (8.485333ms)
✔ production room registration replaces stale current-floor output containers (11.414125ms)
✔ nearby production output marks container and reaches world log (5.566292ms)
✔ slime furnace consumes a sample and alkali before producing cleanup output (4.990625ms)
✔ illegal ammo smelter consumes contested metal input before producing 9mm (5.007542ms)
✔ contract spawn creates a normal quest and contract event (3.653959ms)
✔ NPC assignment offer can use contract templates as timed contract quests (36.721ms)
✔ procedural quest offers have no global active quest cap (11.867709ms)
✔ procedural fetch quests do not target story-critical main plot items (7.645375ms)
✔ timed procedural quests fail when their deadline passes (6.845459ms)
✔ hand-authored quests without explicit deadlines ignore stale expiry payloads (7.935916ms)
✔ timed authored quests missing absolute expiry are repaired and can expire later (10.27475ms)
✔ saved procedural quests without deadlines get a fair visible deadline on quest tick (14.491084ms)
(node:43897) Warning: `--localstorage-file` was provided without a valid path
(Use `node --trace-warnings ...` to show where the warning was created)
✔ expedition proof debug commands form the shipped player-readable route (2.72775ms)
✔ expedition proof contract carries risk, container objective, reward, and return-readable target data (0.32275ms)
✔ all system contracts keep route-readable quest and event target data (2.011916ms)
(node:43898) Warning: `--localstorage-file` was provided without a valid path
(Use `node --trace-warnings ...` to show where the warning was created)
✔ faction events reference existing items, weapons and economy resources (1.048958ms)
✔ does not spawn faction events during tutorial (27.335625ms)
✔ cult procession exposes follow, report, disguise, avoid and violent disrupt paths (2501.9305ms)
✔ active cult procession publishes aftermath and clears when samosbor cycle starts (3577.965208ms)
(node:43905) Warning: `--localstorage-file` was provided without a valid path
(Use `node --trace-warnings ...` to show where the warning was created)
✔ drawFactionMenu draws the relation and alife rating title (319.5215ms)
✔ drawFactionMenu handles small canvases gracefully (263.781292ms)
(node:43906) Warning: `--localstorage-file` was provided without a valid path
(Use `node --trace-warnings ...` to show where the warning was created)
✔ getFactionRelation returns base relation value (0.851083ms)
✔ areFactionsHostile correctly identifies hostile relations (0.093875ms)
✔ isHostile: entities of same faction are not hostile (0.187084ms)
✔ isHostile: player vs NPC (0.1215ms)
✔ isHostile: handles monster attitudes correctly (0.0945ms)
✔ isHostile: handles psi-madness (0.077958ms)
✔ isHostile: ignores same-monster hostility (0.069791ms)
✔ applyFactionRelationDeltas applies changes to relations (0.107542ms)
(node:43912) Warning: `--localstorage-file` was provided without a valid path
(Use `node --trace-warnings ...` to show where the warning was created)
✔ fresh run exposes Olga as the first soft objective (2.152875ms)
✔ accepted first plot step points to Sergeant Barinov and the armory range (0.276875ms)
✔ player-selected active quest overrides the automatic objective and toggles off (0.148458ms)
✔ quest marker state separates authored and procedural NPC map roles (0.127291ms)
✔ Olga quest action accepts the first plot step instead of ambient no-op (4.246417ms)
✔ route objective HUD prioritizes the active plot route and labels its lift (3.024459ms)
(node:43913) Warning: `--localstorage-file` was provided without a valid path
(Use `node --trace-warnings ...` to show where the warning was created)
✔ getFloorCatalogDef returns undefined for unknown ID (0.729917ms)
✔ getFloorCatalogDef returns correct catalog entry for existing ID (0.576125ms)
✔ floor memory restores live world and keeps only persistent floor entities (7.951625ms)
✔ floor memory carries generation extras such as dynamic sky providers (2.648875ms)
✔ floor memory save restores full world snapshot without regenerating baseline (63.864708ms)
✔ floor memory packed restore rebuilds fine blockers from saved features and containers (95.469292ms)
✔ floor memory save view is capped and prefers newest entries (1186.154416ms)
✔ floor memory restore keeps saved entries packed and capped until take (83.373667ms)
✔ floor memory restore skips unknown keys before applying restored entry cap (52.255959ms)
✔ floor memory restore resolves generation extras lazily when packed memory is taken (55.220584ms)
✔ floor memory save byte cap skips oversized entries (78.474625ms)
✔ floor memory restore sanitizes billboard props as non-item entities (78.334542ms)
✔ floor memory restore skips corrupt snapshots and malformed nested entries (61.163958ms)
✔ floor memory restore sanitizes invalid doors and malformed containers before hydration (67.916958ms)
✔ floor memory byte budget evicts least-recent captured floors (61.113084ms)
✔ route lift layout mirrors return lifts and normalizes both directions to sixteen (471.793833ms)
✔ route lift layout distributes filled lifts across the reachable floor (327.218459ms)
✔ route lift layout redistributes existing clustered route lifts (286.560583ms)
✔ route lift layout recomputes zone lift flags after demotion and placement (115.08575ms)
✔ route lift layout forces mirrored anchors by carving bounded access (84.721583ms)
✔ tryBase64ToBytes handles invalid base64 by returning null (0.178625ms)
✔ network snapshot round-trips host floor geometry and mutations to the peer (74.434709ms)
✔ incomplete chunk stream never reassembles (54.87875ms)
✔ story floor themes compose current story territory and route facts (1.409584ms)
✔ every authored design route exposes a composed floor theme profile (6.95425ms)
✔ procedural floor themes expose majority owner, anomaly pressure tags and NPC allowance (0.928167ms)
✔ deep endgame procedural themes keep current NPC-free route contract (0.129959ms)
✔ all current procedural route specs expose composed floor themes (10.492042ms)
✔ story, design and procedural route themes preserve current NPC-free boundary (2.788625ms)
✔ theme territory shares include a human or samosbor owner without new FloorLevel values (1.713375ms)
(node:43932) Warning: `--localstorage-file` was provided without a valid path
(Use `node --trace-warnings ...` to show where the warning was created)
✔ getFloorCatalogDef returns the correct definition for a valid ID (0.88375ms)
✔ getFloorCatalogDef returns undefined for an invalid ID (0.068416ms)
✔ queryFloorCatalog returns all items when no query is provided (0.124791ms)
✔ queryFloorCatalog filters by baseFloor (0.080959ms)
✔ queryFloorCatalog filters by tag (0.083167ms)
✔ queryFloorCatalog filters by multiple tags (requires ALL tags) (0.074917ms)
✔ queryFloorCatalog filters by rarity (0.076041ms)
✔ queryFloorCatalog filters by rarity array (0.072416ms)
✔ queryFloorCatalog filters by minDepth (0.077ms)
✔ queryFloorCatalog filters by contentStatus (0.109042ms)
✔ queryFloorCatalog filters by contentStatus array (0.073083ms)
✔ queryFloorCatalog filters by search (matches ID, display name, hint, or tags) (0.22075ms)
✔ queryFloorCatalog filters by search (empty string returns all) (0.051667ms)
✔ queryFloorCatalog limits the number of results (0.040958ms)
✔ queryFloorCatalog returns empty array when limit is 0 (0.038542ms)
✔ queryFloorCatalog filters by multiple criteria (0.072042ms)
✔ queryFloorCatalog combines tag and tags arrays (0.080083ms)
✔ floorKeyForEntry returns story key when storyFloor is defined (1.9385ms)
✔ floorKeyForEntry returns design key when designFloorId is defined (0.182583ms)
✔ floorKeyForEntry returns procedural key when spec is defined (0.938167ms)
✔ floorKeyForEntry returns correct key when z is defined and valid (0.29075ms)
✔ floorKeyForEntry falls back to baseFloor when no better info is provided (0.096375ms)
✔ floorKeyForEntry priority check (1.32625ms)
✔ floorKeyForEntry truncates z value correctly (0.159375ms)
✔ territorySharesForProceduralSpec handles citizens + false_safe_block (1.556208ms)
✔ territorySharesForProceduralSpec handles liquidators + false_safe_block (0.148708ms)
✔ territorySharesForProceduralSpec handles cultists + samosbor_seed (0.081541ms)
✔ territorySharesForProceduralSpec handles citizens + samosbor_seed (0.071542ms)
✔ territorySharesForProceduralSpec handles other majority + samosbor_seed (0.069666ms)
✔ territorySharesForProceduralSpec handles zombie_apocalypse (0.060084ms)
✔ territorySharesForProceduralSpec falls back to procedural majorities (0.0625ms)
✔ mobile fullscreen is hidden for direct iPhone WebKit pages (2.323709ms)
✔ mobile fullscreen remains available for compatible direct pages and hidden in embeds (0.187625ms)
✔ standaloneLaunchUrl appends standalone query parameter (0.319708ms)
✔ enterNativeFullscreen succeeds with standard requestFullscreen (0.128333ms)
✔ enterNativeFullscreen succeeds with webkit prefix (0.090292ms)
✔ enterNativeFullscreen succeeds with ms prefix (0.077833ms)
✔ enterNativeFullscreen returns false if fullscreen is denied/throws (0.17575ms)
✔ enterNativeFullscreen returns false if native fullscreen cannot be used (0.06425ms)
✔ enterNativeFullscreen succeeds even if orientation lock is missing (0.074084ms)
✔ enterNativeFullscreen succeeds even if orientation lock fails (0.128334ms)
✔ exitNativeFullscreen handles promise rejection smoothly (8.821666ms)
✔ exitNativeFullscreen succeeds on happy path (0.390417ms)
✔ enterNativeFullscreen returns false if prefixed requestFullscreen is denied/throws (0.251833ms)
(node:43947) Warning: `--localstorage-file` was provided without a valid path
(Use `node --trace-warnings ...` to show where the warning was created)
✔ drawGamblingOverlay renders cash betting correctly (1.603958ms)
✔ drawGamblingOverlay renders item stakes and errors (0.138917ms)
✔ drawGamblingOverlay renders error messages (0.113708ms)
(node:43949) Warning: `--localstorage-file` was provided without a valid path
(Use `node --trace-warnings ...` to show where the warning was created)
✔ default settings have safe radial deadzones and standard profile (2.973542ms)
✔ sanitize rejects unknown version and falls back to defaults (2.08175ms)
✔ sanitize rejects unknown enum values for profile and layout (0.222208ms)
✔ sanitize clamps numeric ranges and ignores non-finite values (0.242875ms)
✔ saveGamepadSettings + loadGamepadSettings round-trip survives reload (0.268459ms)
✔ updateGamepadSettings patches single fields without losing nested defaults (0.194417ms)
✔ checker and hash material helpers are deterministic (0.807875ms)
✔ tile seam helper is bounded and stronger on tile boundaries (0.113417ms)
✔ all floor and ceiling pattern helpers return bounded finite seams (0.142792ms)
✔ wall band factors and thresholds are bounded (0.119625ms)
✔ texture ids override surface patterns without room-name hardcoding (0.158083ms)
✔ monster visual registry covers ecology, evidence, and ranged projectile families (0.888708ms)
✔ ranged monster projectile families assign distinct atlas silhouettes (298.812625ms)
✔ monster procedural sprite keys stay quantized to readable state tiers (0.252875ms)
✔ NPC readability visual ids are registered and produce distinct silhouettes (5.819291ms)
(node:43953) Warning: `--localstorage-file` was provided without a valid path
(Use `node --trace-warnings ...` to show where the warning was created)
✔ resolves active borer if monster is killed during warning phase (41.845792ms)
✔ damages door when time passes damage threshold (4.47325ms)
✔ clears stale records on floor change (2.893334ms)
✔ applies trap counterplay if door is closed while monster is near (16.16225ms)
(node:43955) Warning: `--localstorage-file` was provided without a valid path
(Use `node --trace-warnings ...` to show where the warning was created)
✔ adapter returns initial state when created (1.389042ms)
✔ adapter attaches to window events on creation and removes on detach (0.196417ms)
✔ adapter selects standard gamepad on connection and handles disconnect (0.498125ms)
✔ adapter returns correctly when gamepad settings are disabled (0.25875ms)
✔ adapter clears holds when a gamepad disconnects (0.213916ms)
✔ adapter maps axes to moveX, moveY, lookX, lookY with deadzones (0.207542ms)
✔ adapter inverts lookY based on settings (0.167125ms)
✔ adapter maps triggers to analog held actions (0.176916ms)
✔ adapter maps buttons to hold and edge actions (0.14625ms)
✔ adapter maps D-pad to menu navigation edges (0.171834ms)
✔ adapter handles missing window/navigator gracefully (0.161083ms)
✔ adapter handles navigator.getGamepads throwing or being missing (0.137792ms)
(node:43958) Warning: `--localstorage-file` was provided without a valid path
(Use `node --trace-warnings ...` to show where the warning was created)
✔ radial deadzone returns zero inside dead radius and scales outside (2.132834ms)
✔ trigger curve respects held vs edge thresholds (0.32ms)
✔ mergeAxis clamps to [-1, 1] across multiple contributions (0.202042ms)
✔ beginInputFrame clears axes, action sets and menu nav but keeps hardware status (0.138125ms)
✔ resolver mirrors held actions into InputState booleans (0.16075ms)
✔ resolver clears held boolean when adapter reports release without re-hold (0.073417ms)
✔ resolver gives interact one-frame edge and persistent held flag (0.079583ms)
✔ resolver writes menu accept/close latches only when context allows it (0.076667ms)
✔ resolver routes menu navigation edges into invUp/Dn/Left/Right (0.082ms)
✔ resolver clears invDn when a held menuDown action releases (0.130166ms)
(node:43959) Warning: `--localstorage-file` was provided without a valid path
(Use `node --trace-warnings ...` to show where the warning was created)
✔ canvas click requests pointer lock only when gameplay capture is allowed (1.856167ms)
✔ synchronous requestPointerLock exceptions are caught silently (0.230125ms)
✔ asynchronous requestPointerLock rejections are caught silently (3.085834ms)
✔ canvas click does not request pointer lock after a menu click closes the menu (1.009584ms)
✔ menu mouse buttons latch accept and close without requesting pointer lock (0.290625ms)
✔ mouse buttons can be captured as key binding codes (1.093125ms)
✔ menu wheel can be latched independently from menu pointer buttons (0.192958ms)
✔ right mouse button drives its bound equipped tool input under pointer lock (0.2145ms)
✔ pointer lock release clears pointer state without erasing keyboard movement (0.475833ms)
✔ mouse look is ignored while gameplay pointer input is blocked (0.219459ms)
✔ mouse buttons are ignored while gameplay pointer input is blocked (0.169709ms)
✔ pointer lock synchronous throw is handled gracefully (0.156375ms)
(node:43961) Warning: `--localstorage-file` was provided without a valid path
(Use `node --trace-warnings ...` to show where the warning was created)
✔ createInput returns an initial InputState with correct default values (1.925625ms)
✔ createInput returns a fresh instance each time (0.104875ms)
(node:43962) Warning: `--localstorage-file` was provided without a valid path
(Use `node --trace-warnings ...` to show where the warning was created)
▶ createGamepadAdapter
  ✔ returns a GamepadAdapter object with the expected shape (1.120916ms)
  ✔ has initial state where isConnected and hadAnyInput are false (0.344667ms)
✔ createGamepadAdapter (3.409375ms)
(node:43964) Warning: `--localstorage-file` was provided without a valid path
(Use `node --trace-warnings ...` to show where the warning was created)
✔ gambling odds resolve stake, gross payout and net result without mutating state (1.506625ms)
✔ net hack chance follows the documented difficulty and skill formula (0.121ms)
✔ interaction dispatcher reports generated gambling machines as E targets (5.874ms)
✔ gambling machines accept gambling-tagged resident goods as a stake when cash is short (6.23375ms)
✔ lift button feature alone is not a route transition target (8.693083ms)
✔ interaction dispatcher only reports NPCs when the crosshair is on the sprite (18.442416ms)
✔ manual item pickup exposes aimed drops as E targets and picks only on interact (12.876917ms)
✔ off-crosshair nearby NPC does not mask an aimed door (9.727417ms)
✔ locked custom keyed door opens with matching custom key (7.6455ms)
✔ generic key does not open custom keyed locked door (6.400834ms)
✔ generic key opens empty-key generic locked door (74.452708ms)
(node:43966) Warning: `--localstorage-file` was provided without a valid path
(Use `node --trace-warnings ...` to show where the warning was created)
✔ addItem is atomic when a near-full inventory can only accept part of a stack (1.769541ms)
✔ pickupNearby keeps unconsumed stacks on a multi-stack drop (9.298959ms)
✔ tool drops preserve durability data through pickup (4.383917ms)
✔ cleanup tongs recover green acid samples with durability instead of filter layer (2.943458ms)
✔ full inventory blocks item quest rewards without marking the quest done (14.95825ms)
(node:43969) Warning: `--localstorage-file` was provided without a valid path
(Use `node --trace-warnings ...` to show where the warning was created)
✔ inventory Enter unequips an already equipped weapon without consuming its slot (3.695458ms)
✔ inventory Enter unequips an already active tool without consuming its slot (0.189541ms)
✔ inventory Enter still consumes ordinary stack-use items (1.462125ms)
(node:43975) Warning: `--localstorage-file` was provided without a valid path
(Use `node --trace-warnings ...` to show where the warning was created)
✔ item stack rules keep weapons single-slot and commodities stackable (1.923667ms)
✔ ip4 gasmask is finite respiratory PPE in the tools economy (1.101958ms)
✔ rusty rake is a weak reachable cleanup reach weapon (0.081292ms)
✔ liquidator rake is weak cleanup reach gear with reachable sources (0.104334ms)
✔ using items equips weapons and consumes medicine only once (0.612375ms)
✔ inventory Enter toggles equipped weapon and active tool off (0.332292ms)
✔ painkiller pack is reachable medicine with sleep tradeoff (0.137834ms)
✔ using zhelemish resource applies timed skin and antifungal medicine cures it (3.407209ms)
✔ ammo and durability consumption update equipped combat state (0.768708ms)
✔ liquidator weapon wave uses existing ammo and self-ammo paths (0.2095ms)
✔ NPC melee stop pushes targets through the generic faction combat path (5.6505ms)
✔ hostile stronger NPC chases the player instead of returning to routine AI (2.887542ms)
✔ runtime faction combat can skip dead-player full scans with an explicit sentinel (2.870375ms)
✔ hostile weaker NPC flees a nearby stronger player (230.12875ms)
✔ PSI weapon ids, resources, and effect bindings stay coherent (0.287583ms)
✔ PSI weapon descriptions match executable cost and damage numbers (18.988458ms)
✔ PSI recovery is explicit, tagged, and bounded by item values (1.751084ms)
✔ audited survival documents, drinks, and rare trophies have economy roles (2.426542ms)
✔ P14 gasmask receipt is an Office/HQ document with a black-market spend path (0.934042ms)
✔ cleanup order stub is a liquidator document with access and sale choices (0.266958ms)
✔ RPG rewards, attribute spend, and scaling formulas remain stable (0.240708ms)
✔ totalXpForLevel correctly computes cumulative xp (0.084709ms)
✔ RPG progression clamps runtime levels and attributes to the shared cap (0.063042ms)
✔ RPG stat effects avoid hard caps and appear in weapon readiness (0.329416ms)
✔ melee weapon damage receives level and strength scaling (0.0365ms)
✔ INT improves PSI economy without a hard floor (0.041458ms)
✔ zhelemish skin timing, costs, and combat formulas stay bounded (0.681ms)
(node:43978) Warning: `--localstorage-file` was provided without a valid path
(Use `node --trace-warnings ...` to show where the warning was created)
✔ hasItem returns true if the entity has the item (9.656625ms)
✔ hasItem returns false if the entity does not have the item (0.090334ms)
✔ hasItem returns false if inventory is undefined (0.066916ms)
✔ addItem adds item to an empty inventory (0.176625ms)
✔ addItem adds item to an existing stack (0.076666ms)
✔ addItem creates a new stack if existing stack is full (0.068208ms)
✔ canAddItem returns false if inventory is full (0.074208ms)
✔ removeItem removes items from the inventory completely if count matches (0.077916ms)
✔ removeItem decreases count if more items exist than removed (0.060584ms)
✔ removeItem returns false if the item does not exist (0.101708ms)
✔ removeItem removes across multiple stacks (0.058791ms)
✔ consumeDurability removes durability and breaks item (1.245666ms)
✔ consumeDurability does not break item if durability remains (0.075708ms)
▶ compositionForItemDef
  ✔ generates a deterministic composition vector based on item type and tags (0.609541ms)
  ✔ allocates materials accurately based on base weights for weapons (0.106ms)
  ✔ handles zero base weights gracefully with fallback to consumables/mechanics (0.094709ms)
  ✔ handles allocating 0 components when value is very small and weights are 0, returning cv base (0.107084ms)
  ✔ respects intentional rare minimum overrides (0.083ms)
✔ compositionForItemDef (1.757167ms)
▶ itemComposition
  ✔ returns a valid ItemCompositionDef for an existing item (0.102167ms)
  ✔ returns undefined for a non-existent item (0.060375ms)
✔ itemComposition (0.265791ms)
✔ procedural item sprites cover the complete item registry (94.103458ms)
✔ agnia_a130 sprite reads as a sanitary corridor flamethrower (11.950334ms)
✔ ammo shells sprite reads as red shotgun shells in a tray (3.56975ms)
✔ ato41_atomic_flamer sprite reads as twin sealed atomic flamer (5.938917ms)
✔ ak47 sprite keeps an old-world rifle silhouette with wood, metal, and magazine read (0.829541ms)
✔ axe sprite reads as a red fire axe with a cool metal head (1.07575ms)
✔ bayonet sprite reads as a slim issued melee blade (1.661458ms)
✔ bfg sprite reads as an oversized NII energy weapon (2.937042ms)
✔ ammo_9mm sprite reads as a compact five-round cartridge cluster (0.525417ms)
✔ black market shells sprite reads as scrubbed contraband shotgun shells (0.676ms)
✔ ammo_762 sprite reads as tall rifle cartridges with code bands (0.439084ms)
✔ ammo_coupon_shells sprite reads as official shotgun shell paperwork (0.555875ms)
✔ ammo_nails sprite reads as a bundle of industrial nails (0.744125ms)
✔ ammo_fuel sprite reads as a wide battered fuel canister (0.395459ms)
✔ ammo_762tt sprite reads as short TT pistol cartridges (0.308625ms)
✔ ammo_nagant sprite reads as old revolver cartridges (0.445583ms)
✔ ammo_harpoon sprite reads as long coded harpoon bolts (0.685625ms)
✔ ammo_belt sprite reads as a linked 7.62 feed belt (0.431834ms)
✔ ammo_energy sprite reads as a charged energy cell (0.353084ms)
✔ ammo_issue_order sprite reads as a cartridge issue voucher (0.377333ms)
✔ ammo_coupon_9mm sprite reads as a 9mm ammo voucher (0.444875ms)
✔ 12 gauge slug sprite reads as a distinct heavy shell (0.323083ms)
✔ alkali powder sprite reads as a stained cleanup reagent packet (0.58175ms)
✔ boiled slime residue sprite reads as a scorched anomaly sample jar (0.699625ms)
✔ block kit sprite reads as a wall-block installer tool (1.229ms)
✔ bundle 010 item sprites read as distinct cleanup, ration and confiscation objects (2.963792ms)
✔ bundle 018 item sprites read as distinct govnyak goods, green ration and weapons (24.822334ms)
✔ bundle 021 item sprites read as distinct mushroom, office, medicine and tool objects (9.090292ms)
✔ bundle 019 item sprites read as distinct ration, GUSL papers, parts and weapons (18.751ms)
✔ bundle 013 item sprites read as distinct route, repair, lift and shelter objects (30.692167ms)
✔ sealed blue glow sample sprite reads as a hermetic blue anomaly ampoule (0.476041ms)
✔ opened blue glow sample sprite reads as a broken contaminated anomaly jar (0.365958ms)
✔ sprite bundle 042 slime samples read as distinct sealed anomaly jars (8.806917ms)
✔ antibiotic sprite reads as a dirty medical blister packet (1.684792ms)
✔ bandage sprite reads as a dusty loose medical roll (6.929ms)
✔ body bag roll sprite reads as a sanitary folded vinyl roll (2.026875ms)
✔ antifungal ointment sprite reads as a dirty green-capped medicine tube (0.902292ms)
✔ antiemetic sprite reads as a dirty anti-nausea medicine packet (0.580125ms)
✔ anti-spore inhaler sprite reads as respiratory medicine (0.598792ms)
✔ antidep sprite reads as a worn psi medicine blister card (0.62ms)
✔ bundle 029 item sprites keep distinct weapon, document, food and medicine reads (3.06875ms)
✔ bundle 029 weapon sprites separate party grenade hardware from disposable foam gear (8.628375ms)
✔ bundle 029 bureaucracy sprites read as pin, passport stub, permanent pass and personal file (7.6795ms)
✔ bundle 029 consumable sprites read as barley can, purple reagent vial and common pills (1.233333ms)
✔ alcohol bottle sprite has a narrow bottle silhouette and warning label (0.935833ms)
✔ acid bottle sprite reads as unlabeled industrial acid (0.445083ms)
✔ boiler water sprite reads as a hot cloudy drink bottle (0.656208ms)
✔ empty bottle sprite reads as reusable clear kitchen glass (0.591458ms)
✔ book sprite reads as a worn red-brown trade book (0.613625ms)
✔ borrowed kitchen key sprite reads as a brass key with a false tag (0.409292ms)
✔ bottled voice sprite reads as a sealed psi jar with sound inside (1.597125ms)
✔ ballot sprite reads as a pre-marked dirty election paper (0.479542ms)
✔ blank form sprite reads as an empty stamped paper form (0.536917ms)
✔ barrel part sprite reads as a raw rusty weapon barrel blank (1.784458ms)
✔ asbestos cord sprite reads as a stiff dusty repair cord coil (4.157333ms)
✔ bundle 007 consumable sprites read as distinct food, drink, and medicine items (1.136708ms)
✔ bundle 007 weapon sprites separate breach charge from foam projector (1.203042ms)
✔ bundle 007 route and cleanup papers read as different trade documents (2.454541ms)
✔ sprite bundle 008 items have distinct cards, materials, weapons, tools, and ChB artifacts (6.176459ms)
✔ sprite bundle 009 items have distinct readable procedural icons (8.570083ms)
✔ sprite bundle 011 items have distinct readable procedural icons (11.648666ms)
✔ sprite bundle 014 items have distinct jars, weapons, documents, tools, and electronics (8.157166ms)
✔ item drop visual id is derived from inventory payload only (0.079875ms)
✔ chemical 12g shell has a distinct decon-coded ammo sprite (0.707041ms)
✔ incendiary 12g shell has a fire-coded slime cleanup sprite (0.404666ms)
✔ aerosol paint maiden sprite reads as damp stamped document (0.766292ms)
✔ archive access permit sprite reads as a stamped damp archive pass (0.966042ms)
✔ sprite bundle 035 rail, archive, ration and meat items have distinct procedural icons (4.288292ms)
✔ bleached document sprite reads as a sealed Veretar-bleached paper sample (0.970416ms)
✔ blueprint T1 folder sprite reads as a stained shop blueprint folder (0.912208ms)
✔ blueprint T2 folder sprite reads as a damp stamped terminal blueprint folder (3.678708ms)
✔ blueprint T3 folder sprite reads as a cold stamped deep-route blueprint folder (1.002083ms)
✔ bank debt paper sprite reads as an official stamped debt document (0.994333ms)
✔ bundle 016 forged papers, ration card and frozen samples have distinct readable sprites (11.550917ms)
✔ bundle 012 sprites cover every planned item with unique readable silhouettes (1.097209ms)
✔ crowbar sprite reads as a hooked blue-black metal lever (1.997834ms)
✔ bundle 012 sample sprites separate cracked glass, dead residue, and decon fluid (2.475458ms)
✔ bundle 012 paper and trade sprites keep document and small-good reads distinct (2.35125ms)
✔ bundle 017 sprites cover documents, parts, weapons, samples, filters, and glass (16.491833ms)
✔ bundle 015 sprites cover every planned filter, foam, and utility item (1.691666ms)
✔ bundle 015 filter paperwork and filtered water sprites keep material reads distinct (1.479583ms)
✔ bundle 015 weapon and detector sprites show their gameplay silhouettes (7.26225ms)
✔ sprite bundle 020 items have distinct repair, document, medicine, ammo, weapon, and trade icons (8.137542ms)
✔ sprite bundle 022 items have distinct sidearm, kitchen, key, electronics, drink and labor-card icons (4.786333ms)
✔ sprite bundle 024 items have distinct liquidator, weapon, repair, document, and trade icons (8.023208ms)
✔ sprite bundle 027 items have distinct NII paper, noise tool, rifle, and flamer icons (11.62475ms)
✔ sprite bundle 028 items read as distinct permits, quarantine medicine, anomaly photo, OЗК patch and heavy gun (5.172167ms)
✔ sprite bundle 030 items read as distinct pipe, launcher, plasma, service electronics, probe kit, smg, and red sugar icons (8.775833ms)
✔ sprite bundle 023 items read as distinct liquidator, lift, medicine, sample, and trade icons (5.185083ms)
✔ sprite bundle 025 items read as distinct artifact, weapon, drink, document, and trade icons (4.640209ms)
✔ sprite bundle 026 items have distinct drink, medicine, weapon, food, sample, ammo, and complaint icons (7.668542ms)
✔ sprite bundle 034 items have distinct shotgun, quarantine, radio and rail icons (9.023125ms)
✔ sprite bundle 032 psi clots read as distinct weapon charges (12.187625ms)
✔ sprite bundle 033 items read as distinct psi, liquidator, pump, and medical paperwork icons (10.228334ms)
✔ sprite bundle 036 items read as distinct weapon, paper, food, sample, circuit, and resident-good icons (34.534458ms)
✔ sprite bundle 038 items read as distinct samosbor, sample, food, tool, and medical icons (6.756416ms)
✔ sprite bundle 039 items read as distinct screen, scrubbed evidence, seal, repair, sample, and trophy icons (4.336667ms)
✔ sprite bundle 040 items read as distinct shelter, weapon, drink, and siren icons (8.230042ms)
✔ sprite bundle 041 items read as distinct siren, heavy weapon, medicine and slime samples (7.495708ms)
✔ sprite bundle 037 items read as distinct ammo, reagent, weapons, repair and rubber icons (10.862625ms)
✔ sprite bundle 046 items read as distinct documents, medicine, trade and weapon icons (16.040959ms)
✔ sprite bundle 045 items read as terminal stamp, clot jar, substrate sack, sugar, syringe, Tanev rifle, tea and spirit (10.210792ms)
✔ sprite bundle 044 items read as distinct electronics, food, medicine, document, and trade icons (3.919167ms)
✔ sprite bundle 049 items read as distinct weapon, permit, tool and bread icons (5.246833ms)
✔ sprite bundle 047 items read as distinct detector, documents, cleanup tools, valve, vent and sand icons (36.85775ms)
✔ sprite bundle 043 items read as distinct silver slime, cleanup, weapon, smoke and soap icons (4.52525ms)
✔ sprite bundle 050 items read as distinct weapon, seal, zhelemish and sample icons (18.783042ms)
✔ sprite bundle 031 items read as pressure records, cleanup gear, mold food and psi artifacts (6.153791ms)
✔ sprite bundle 048 items read as distinct void, water, and paperwork icons (4.719333ms)
(node:43991) Warning: `--localstorage-file` was provided without a valid path
(Use `node --trace-warnings ...` to show where the warning was created)
✔ transforming use items reuse the selected freed slot when inventory is full (3.785084ms)
✔ transforming use refuses when the source stack stays occupied and no output capacity exists (0.158041ms)
✔ transforming use stacks output when full inventory has a compatible partial stack (0.167917ms)
(node:43997) Warning: `--localstorage-file` was provided without a valid path
(Use `node --trace-warnings ...` to show where the warning was created)
✔ equipable tools default to single-item stacks (0.962458ms)
✔ default stack model separates bulk consumables from non-use objects (0.132458ms)
✔ tool pickup creates separate durability slots instead of 999 flashlights (0.970291ms)
✔ non-use misc pickup creates separate slots unless the item declares a stack (0.132583ms)
✔ equipping light tools is not passive light use by default (0.225625ms)
(node:43998) Warning: `--localstorage-file` was provided without a valid path
(Use `node --trace-warnings ...` to show where the warning was created)
✔ living routine residents do not collapse into corridor attractors (21829.672709ms)
✔ local solid trace hits the first wall cell along a horizontal segment (7.776125ms)
✔ local solid trace is null when the segment stays in passable cells (4.304208ms)
✔ local solid trace respects toroidal wrapping (9.307042ms)
✔ local solid trace uses World.solid door semantics (4.93525ms)
✔ projectile wall impacts use the same surface map and spawn local impact particles (14.750625ms)
✔ dust particles expire without persistent surface marks (3.516041ms)
✔ blood particles still land as splat marks (4.919333ms)
✔ world replacement invalidates transient particles before landing (6.64525ms)
✔ ordinary wall bullet impacts near tile edges do not spill into neighbor cells (2.6965ms)
✔ organic surface marks still spill across floor cell edges (8.229625ms)
✔ localization translates exact, decorated and templated Russian UI text (2.632292ms)
✔ localization translates composed procedural names and template values (0.42075ms)
✔ localization prefers specific decorated procedural names over broad templates (0.073458ms)
✔ localization handles authored brace placeholders with generated directions (0.094416ms)
✔ localization translates world seed labels (0.088625ms)
✔ localization handles nested generated template placeholders (0.097125ms)
✔ localization translates generated loading tips assembled from fragments (0.267292ms)
✔ localization translates capitalized generated fragments (0.160084ms)
✔ localization translates generated multi-sentence tip fragments (0.127833ms)
✔ localization does not apply short Cyrillic templates inside longer words (0.129917ms)
✔ localization keeps decimal numbers intact while translating delimited tips (0.124959ms)
✔ localization translates English debug overlay fragments (0.124541ms)
✔ localization keeps uncovered Cyrillic instead of fabricating English fallback text (0.082417ms)
✔ localization keeps Russian text when Russian is active (0.040541ms)
(node:44007) Warning: `--localstorage-file` was provided without a valid path
(Use `node --trace-warnings ...` to show where the warning was created)
✔ map zone reveal includes corridor geometry without revealing other zones (30.432458ms)
✔ zone reveal treats touched rooms as whole map elements (25.271583ms)
✔ player movement reveals only local cell trail, not the whole entered room (43.309459ms)
✔ explored map cells age into fog of war until revisited (37.5655ms)
✔ active talk quest reveals the target NPC room on the map (28.460834ms)
✔ active visit quest reveals the resolved target room on the map (19.333667ms)
✔ active kill quest reveals a radius around the nearest target monster marker (68.568334ms)
✔ accepting a quest from an NPC reveals the target room once (21.857584ms)
✔ debug revealWholeMap marks every cell explored (47.822291ms)
✔ local samosbor map fog does not reveal the whole rebuilt patch room on re-entry (552.391083ms)
(node:44009) Warning: `--localstorage-file` was provided without a valid path
(Use `node --trace-warnings ...` to show where the warning was created)
✔ map editor mutates the live world and commits cell topology once on close (29.026709ms)
✔ map editor set-door and delete-door update real door records and room metadata (8.304042ms)
✔ map editor entity and container operations use real registries (6.150667ms)
✔ map editor patch replay sanitizes malformed ops and commits restored edits (12.341292ms)
✔ ensureMapEditorPatchState initializes and returns valid patch state (0.640792ms)
✔ isMapEditorOpen returns true when editor is open and false when closed (33.568292ms)
✔ alert and combat bark signals are exact fallback or rejection only (1.112042ms)
✔ ambient bark uses bark intent and respects the supplied character cap (0.204959ms)
✔ generated bark receives actor context and event anchors (0.189292ms)
✔ witness bark routes as log speech and stays deterministic for the same seed/context (0.158709ms)
✔ explicit NPC log speech uses only supplied actor target and event facts (0.261958ms)
✔ structural world log event types do not become Markov text by accident (0.060666ms)
✔ log speech rejects combat and samosbor critical facts by exact fallback (0.149458ms)
✔ lightweight bark path does not require a full ContextSnapshot (0.343458ms)
✔ generateMarkovLogSpeech returns missing_speaker exact fallback when actor info is omitted (0.746ms)
✔ generateMarkovLogSpeech returns missing_router exact fallback when routeSpeech is missing (0.355834ms)
✔ generateMarkovLogSpeech returns valid result when event data has npcSpeech flag (0.221834ms)
✔ generateMarkovLogSpeech returns valid result when event data has speech flag (0.207834ms)
✔ generateMarkovLogSpeech returns valid result when event tags contain npc_speech (0.215791ms)
✔ normalizeLogMaxChars returns default if not finite (0.183792ms)
✔ normalizeLogMaxChars returns max if over max (0.244708ms)
✔ logSpeechEventIsUnsafe correctly handles various unsafe events (0.461042ms)
✔ buildMarkovLogSpeechContext uses request overrides for actor and target (0.266209ms)
✔ Demos post data validates as a bounded template registry (3.363ms)
✔ Demos posts require real event types and compact A-Life author facts (1.953709ms)
✔ Demos post ring cap drops old transient entries (0.706667ms)
✔ Demos posts can resolve live entity ids to A-Life authors (0.294209ms)
✔ Demos fallback authors are sampled from the full supplied window (0.2625ms)
✔ Demos post text reconstructs deterministically from compact post fields (0.513708ms)
✔ Demos post renderer calls the router-compatible text path (0.20375ms)
✔ Demos reaction rendering scans only supplied outgoing edges (0.307834ms)
✔ Demos post creation uses supplied snapshots only and does not load inactive floors (0.369417ms)
✔ Demos enqueue can consume supplied recent events without a state scan (0.271792ms)
✔ Demos feed view stores rendered rows outside the transient queue only (0.176ms)
✔ Demos persistent social batch owns the current save shape (0.196292ms)
✔ authored plot lines pass through unchanged when locked (5.960666ms)
✔ ordinary generated talk contains a context anchor (17.720292ms)
✔ rumor output preserves rumor id and selected facts (0.321958ms)
✔ rumor output does not invent a different target, floor, or item (0.123209ms)
✔ rumor routed output is rejected when it invents a different fact (0.2155ms)
✔ procedural quest speech does not mention absent reward or deadline (0.747417ms)
✔ procedural quest speech does not invent target npc, item, monster, or route (0.529375ms)
✔ procedural quest routed output must keep the real target (0.171167ms)
✔ procedural quest speech uses real monster and deadline only when present (0.306667ms)
✔ same seed and context produce deterministic output (0.766208ms)
✔ context lowering derives need, wound, samosbor, faction, relation and room tags (1.38225ms)
✔ locked author text returns exact text and locked source (0.122375ms)
✔ locked_author_text intent routes to locked author text directly without explicit source (0.071083ms)
✔ blocked tags prevent generated template usage (6.581042ms)
✔ exact fallback takes priority over generated and curated sources (0.117667ms)
✔ missing optional world data does not crash context lowering (0.730833ms)
✔ context hash is stable for the same ids, bands and tags (0.100833ms)
✔ context hash does not include long raw room text (0.137209ms)
✔ event context preserves ids but does not invent item, NPC or route names (0.219042ms)
✔ router returns exact fallback when generation is unavailable (0.114667ms)
✔ curated_pool source routes to curated pool result directly (0.111125ms)
✔ routeSpeech without source uses generateMarkovText and generator when available (0.112709ms)
✔ same seed context and request yield the same generated output (15.145583ms)
✔ different repeat index can vary output when corpus supports it (2.503417ms)
✔ invalid duplicate ids fail data validation (22.145ms)
✔ every domain and template has fallback text (11.943084ms)
✔ every atom has a class (0.104667ms)
✔ class paths reach terminal state (0.103042ms)
✔ output respects character caps (0.457666ms)
✔ generated text has at least one grounded anchor when required (0.225709ms)
✔ generated output has no unresolved slot (0.281834ms)
✔ generated output avoids adjacent repeated atoms and repeated bigram loops (1.375917ms)
✔ tone and internal blacklist catches forbidden words (1.953792ms)
✔ core generation path does not use ambient random source (0.157958ms)
▶ clamp function
  ✔ returns the value when it is within the range (0.472875ms)
  ✔ returns the minimum when the value is below the range (0.106ms)
  ✔ returns the maximum when the value is above the range (0.0655ms)
  ✔ returns the value when it is exactly at the boundaries (0.060208ms)
  ✔ handles decimal numbers correctly (0.059167ms)
  ✔ handles identical min and max correctly (0.052791ms)
✔ clamp function (1.709375ms)
✔ melee target selection uses geometry instead of candidate order (3.099208ms)
✔ melee target selection uses toroidal geometry at world edge (3.222292ms)
✔ mesh buffer builder draws zero for empty instance list (0.847042ms)
✔ mesh buffer builder skips unknown model ids safely (0.191208ms)
✔ mesh buffer builder truncates at triangle cap (0.21475ms)
✔ mesh buffer builder emits finite triangle data (0.270416ms)
✔ mesh buffer builder appends capped voxel chunk geometry (0.132083ms)
✔ mesh toroidal delta picks nearest wrapped coordinate (2.303792ms)
✔ mesh projection keeps objects in front at positive forward distance (0.562041ms)
✔ mesh projection uses nearest toroidal delta before camera transform (0.221083ms)
✔ mesh projection rejects objects behind the camera (0.1525ms)
✔ mesh projection rejects points outside the shared near/far depth range (0.161833ms)
✔ mesh fov scaling matches current 60, 90 and 110 degree raycaster scale (0.151167ms)
✔ mesh projection rotates local coordinates with camera angle (0.569792ms)
✔ mesh depth increases monotonically with forward distance (0.360833ms)
✔ mesh clip coordinates preserve the same normalized depth convention (0.161625ms)
✔ mesh pitch follows raycaster vertical shear convention (0.15475ms)
✔ mesh projection rejects non-finite world coordinates (0.076333ms)
✔ chunk cache reuses chunks and invalidates on visual slot version changes (20.613958ms)
✔ chunk cache clears and rebuilds when profile key changes (3.153291ms)
✔ chunk cache clear explicitly removes all entries (2.881959ms)
✔ chunk cache skips building beyond maxChunksPerFrame (21.565958ms)
✔ chunk cache disables updates when profile enabled is false (6.542667ms)
✔ chunk cache invalidates on world cell version change (7.6675ms)
✔ chunk cache invalidates on world surface version change (3.813375ms)
✔ chunk cache invalidates on world feature version change (3.6745ms)
✔ chunk cache clears when floor key changes (3.49925ms)
✔ chunk cache clears when seed changes (6.778291ms)
✔ chunk cache clears when world identity changes (16.247458ms)
✔ mesh pass default stats are disabled and zeroed (0.799959ms)
✔ mesh pass off mode skips work (1.463542ms)
✔ mesh pass dispose is idempotent (0.132333ms)
✔ mesh pass debug string contains bounded counters (0.106292ms)
✔ voxel profile off produces empty field and disabled collect stats (1.007167ms)
✔ voxel field and greedy mesh are deterministic for same seed and context (3.095709ms)
✔ visual slot context does not disturb deterministic wall voxel mesh (3.333167ms)
✔ passable features and visual slots do not become voxel blocks or ceiling slabs (0.250625ms)
✔ voxel field dimensions are clamped under constants (0.495666ms)
✔ greedy mesh enforces triangle cap and emits finite vertices (0.230333ms)
✔ greedy meshing reduces or equals exposed-face triangle count for cuboids (0.371667ms)
✔ collector caps chunks per frame and reports built geometry (0.622ms)
✔ solid voxel counter and marching cubes planned API stay bounded (0.115209ms)
(node:44050) Warning: `--localstorage-file` was provided without a valid path
(Use `node --trace-warnings ...` to show where the warning was created)
✔ metro wrong stop sends the player to a local transfer with a return clue (4.583583ms)
✔ metro blind transfer has a ticket-free safe return route (3.149125ms)
✔ platform panel generation remains bounded to station routes (0.097333ms)
(node:44053) Warning: `--localstorage-file` was provided without a valid path
(Use `node --trace-warnings ...` to show where the warning was created)
✔ shouldUseTouchControls: Mobile user agent always returns true (1.015583ms)
✔ shouldUseTouchControls: Android user agent returns true (0.52475ms)
✔ shouldUseTouchControls: iPad user agent (case-insensitive) returns true (0.212333ms)
✔ shouldUseTouchControls: Generic mobile user agent returns true (0.16275ms)
✔ shouldUseTouchControls: Desktop with touch and compact viewport returns true (0.1965ms)
✔ shouldUseTouchControls: Desktop with touch and compact width but large height returns true (0.146792ms)
✔ shouldUseTouchControls: Desktop with touch and large width but compact height returns true (0.19325ms)
✔ shouldUseTouchControls: Desktop with touch but large viewport returns false (0.165583ms)
✔ shouldUseTouchControls: Touch capable and exact 900px boundary viewport returns false (0.227666ms)
✔ shouldUseTouchControls: Touch capable and exact 900px boundary on height returns false (0.137209ms)
✔ shouldUseTouchControls: Desktop without touch but compact viewport returns false (0.072ms)
✔ shouldUseTouchControls: Touch capability from ontouchstart with compact viewport returns true (0.061792ms)
(node:44054) Warning: `--localstorage-file` was provided without a valid path
(Use `node --trace-warnings ...` to show where the warning was created)
✔ food drops and govnyak use are explicit bait inputs (0.95975ms)
✔ dropped documents are bounded bait for document predators (13.69675ms)
✔ bait profile uses item tags, item cost caps, and risky event tags (4.355375ms)
✔ govnyak use bait exposes marker clarity and bounded attraction caps (9.066875ms)
✔ bait attraction prefers ecology-tagged food over a closer generic lure (5.728959ms)
✔ small monsters claim nearby bait through a capped marker scan (4.7175ms)
✔ bait markers are scoped to the current route floor key, not only FloorLevel (4.930792ms)
✔ bait markers expire and stay under the active cap (9.688958ms)
✔ base monster registry keeps stable enum ids, ecology tags, and floor data (4.60025ms)
✔ every base monster sprite generator emits readable unique art (94.252ms)
✔ uncovered common monsters keep their tactical counterplay roles (0.659917ms)
✔ monster ecology selection respects floor placement and rare gates (1.5505ms)
✔ universal monster ecology keeps zero-weight monsters in data but out of weighted picks (0.287375ms)
✔ floor affinity boosts native and design-biased monsters without filtering the table (0.205542ms)
✔ new-kind floor manifests stay data-driven (0.169708ms)
✔ bait-attracted monster list is narrow and backed by explicit scent AI flags (0.189542ms)
(node:44065) Warning: `--localstorage-file` was provided without a valid path
(Use `node --trace-warnings ...` to show where the warning was created)
✔ fog shark drawing helpers: put, line, ellipse, triangle (0.990667ms)
✔ fog shark is standalone fog-pack content with sprite, ecology, and rumors (3.506958ms)
✔ fog shark slows sharply on dry cells and regains speed in fog pressure (4.22125ms)
✔ fog shark flame kill is lethal and ignition burst is bounded to one event (55.495833ms)
✔ fog shark shares target only through a bounded pack radius query (2680.392959ms)
✔ fog shark pack share is capped and cooldown-gated (2399.324666ms)
(node:44066) Warning: `--localstorage-file` was provided without a valid path
(Use `node --trace-warnings ...` to show where the warning was created)
✔ head slug is a standalone registered parasite with hosted and detached silhouettes (2.404875ms)
✔ head slug detaches from a failing host and publishes a bounded warning event (9.53225ms)
✔ detached head slug rehosts a stunned npc through capped radius queries (5.38475ms)
(node:44081) Warning: `--localstorage-file` was provided without a valid path
(Use `node --trace-warnings ...` to show where the warning was created)
✔ pseudolift is a registered zero-weight route trap with explicit events (0.854916ms)
✔ pseudolift candidate selection refuses the only lift on a route (27.242417ms)
✔ inspecting a pseudolift warns before the second use reveals the monster (24.987458ms)
✔ nearby bait feeds the dormant pseudolift without spawning a roaming monster (29.504166ms)
✔ clearing an active revealed pseudolift kills its live monster when entities are provided (12.913416ms)
(node:44086) Warning: `--localstorage-file` was provided without a valid path
(Use `node --trace-warnings ...` to show where the warning was created)
✔ black liquidator is standalone aftermath monster content with capped patrol beat (6.342042ms)
✔ black liquidator knocks while neutral and reveals on forbidden samples (2043.000666ms)
(node:44120) Warning: `--localstorage-file` was provided without a valid path
(Use `node --trace-warnings ...` to show where the warning was created)
✔ Slimevik is standalone neutral scavenger content with route leads (2.203875ms)
✔ Slimevik stays neutral but close contact drains bounded water and PSI (1584.820792ms)
✔ Slimevik barter consumes food or medicine and marks a sample (5.334375ms)
✔ Hurt Slimevik flees from nearby actors through bounded broadphase (2139.362375ms)
✔ Slimevik kill events publish the standalone slimevik_killed fact (1.048625ms)
(node:44124) Warning: `--localstorage-file` was provided without a valid path
(Use `node --trace-warnings ...` to show where the warning was created)
✔ Lishennyy is standalone deep light-follower content (2.420042ms)
✔ Lishennyy follows a dropped light decoy instead of a dark player (1883.87125ms)
✔ Lishennyy light search is bounded and ignores far lightmap cells (2060.228791ms)
✔ Lishennyy contact applies decay while the player stands in light (10.608541ms)
✔ Lishennyy contact decay applies to lit NPC targets (37.701125ms)
(node:44159) Warning: `--localstorage-file` was provided without a valid path
(Use `node --trace-warnings ...` to show where the warning was created)
✔ mukhozhuk host keeps standalone parasite registry, ecology, rumors and sprite (2.653ms)
✔ mukhozhuk command pulse is local, capped and does not draft ordinary civilians (10.503917ms)
✔ idle mukhozhuk spoils nearby food containers through local appetite (28.804041ms)
✔ paupsina is registered as a distinct web-spitting monster (2.36975ms)
✔ paupsina web duration is capped and escapable by cutting or fire (0.252ms)
✔ saved paupsina web statuses normalize with the same max duration cap (0.124208ms)
✔ saved player statuses restore only the newest bounded entries (0.125583ms)
(node:44170) Warning: `--localstorage-file` was provided without a valid path
(Use `node --trace-warnings ...` to show where the warning was created)
✔ Obzhivalshchik is registered as standalone room-bound monster content (2.5235ms)
✔ Obzhivalshchik keeps its room leash until anger breaches it (150.092625ms)
✔ Obzhivalshchik wall growth is capped and report memory calms anger (162.822209ms)
(node:44174) Warning: `--localstorage-file` was provided without a valid path
(Use `node --trace-warnings ...` to show where the warning was created)
✔ treskotnik is standalone brittle crack-sprinter content (1.642083ms)
✔ treskotnik sprite reads as gray plates with red fracture lines (0.803167ms)
✔ treskotnik windup is cancelled by damage and emits an interrupt event (9.600208ms)
✔ treskotnik straight sprint damages the target and itself (4.759875ms)
✔ treskotnik fracture sprint works against a non-player target (4.001583ms)
(node:44197) Warning: `--localstorage-file` was provided without a valid path
(Use `node --trace-warnings ...` to show where the warning was created)
✔ Tumannik is standalone fog-offset monster content (1.873834ms)
✔ Tumannik sprite keeps a fake silhouette and black-red real joints readable (1.874875ms)
✔ Tumannik arms a local fog offset and light collapses it (1566.284333ms)
✔ Tumannik can hit from the displaced fog origin before its real body reaches melee (13.621667ms)
✔ Tumannik fog offset collapses for a lit NPC target too (1936.61225ms)
(node:44198) Warning: `--localstorage-file` was provided without a valid path
(Use `node --trace-warnings ...` to show where the warning was created)
✔ Bezekhiy is standalone door-threshold content, not silent_polzun (2.190042ms)
✔ Bezekhiy sprite reads as a flat gray crawler with door-edge fingers (0.900125ms)
✔ Bezekhiy spends dead echo on a back-turned door crossing (1592.827834ms)
✔ directly looking at Bezekhiy reveals it without the lunge (1960.790667ms)
(node:44237) Warning: `--localstorage-file` was provided without a valid path
(Use `node --trace-warnings ...` to show where the warning was created)
✔ Nelyud stays unrevealed outside close mimic threshold (1757.533417ms)
✔ Nelyud close reveal publishes cue and can target a non-player NPC (30.645375ms)
(node:44238) Warning: `--localstorage-file` was provided without a valid path
(Use `node --trace-warnings ...` to show where the warning was created)
✔ panelnik is standalone wall-brace monster data, not old panel variant data (1.549292ms)
✔ panelnik sprite reads as broad concrete slab with bright brace side (1.156666ms)
✔ wall brace uses toroidal wall adjacency and bounded open-floor scan (3.620958ms)
✔ wall brace reduces incoming damage and publishes a visible cue (6.868583ms)
✔ braced panelnik reaches farther, then slows when pulled into open floor (1730.77725ms)
(node:44241) Warning: `--localstorage-file` was provided without a valid path
(Use `node --trace-warnings ...` to show where the warning was created)
✔ zhornaya tvar is standalone scent-lunge monster content (3.96525ms)
✔ zhornaya tvar overcommits to side-thrown bait and leaves recovery (24.063417ms)
✔ zhornaya tvar ignores bait thrown directly on the player route (29.214459ms)
✔ zhornaya tvar lunges at a food carrier when no better scent is off-route (6.154625ms)
(node:44249) Warning: `--localstorage-file` was provided without a valid path
(Use `node --trace-warnings ...` to show where the warning was created)
✔ kontorshchik is a standalone document-scent monster (12.578083ms)
✔ kontorshchik replaces the obsolete office zombie variant (0.115084ms)
✔ kontorshchik sprite reads as suit, paper and stamp (0.739583ms)
✔ document scent uses document-like tags and ids for aggro and lures (0.436125ms)
✔ kontorshchik grab marks a document as noisy until the timer expires (0.15525ms)
✔ kontorshchik is available to the map editor monster brush catalog (10.818458ms)
(node:44250) Warning: `--localstorage-file` was provided without a valid path
(Use `node --trace-warnings ...` to show where the warning was created)
✔ dikiy mertvyak is a standalone fragile crowd-runner, not the old zombie variant (2.093208ms)
✔ dikiy mertvyak shoves a crowded doorway panic cluster (10.338708ms)
✔ dikiy mertvyak crowd shove can target NPCs and remains locally capped (3.227083ms)
✔ early damage cancels dikiy mertvyak shove momentum (2.639542ms)
✔ polzun remains a slow heavy doorway threat with local guidance (1.536042ms)
✔ polzun sprite reads as low and crawling (0.819375ms)
✔ Slepoglaz is a standalone last-sound beam monster (1.537375ms)
✔ Slepoglaz ecology has no old blind Eye variant dependency (0.13975ms)
✔ Slepoglaz sprite reads as a sealed green blind eye, not the base eye (7.113333ms)
✔ Slepoglaz AI hook owns last-sound beam windup, fire, and recovery (1.182958ms)
(node:44253) Warning: `--localstorage-file` was provided without a valid path
(Use `node --trace-warnings ...` to show where the warning was created)
✔ Lampoglaz is standalone light-lock monster content (3.393541ms)
✔ Lampoglaz replaces the old lamp variant ids with rumors (54.754209ms)
✔ Lampoglaz winds up on lit targets and drops lock in darkness (7.888709ms)
(node:44255) Warning: `--localstorage-file` was provided without a valid path
(Use `node --trace-warnings ...` to show where the warning was created)
✔ zakalennaya armatura is standalone maintenance and hell armor content (1.896208ms)
✔ armor state resists weak hits and strips on heavy hits (6.079625ms)
✔ sprite keeps dark steel silhouette, heat cracks, and chipped armor state (3.824ms)
✔ nightmare is a rare elite pressure enemy, not a boss sponge (1.46125ms)
✔ nightmare sprite remains distinct from shadow and spirit silhouettes (12.554458ms)
(node:44257) Warning: `--localstorage-file` was provided without a valid path
(Use `node --trace-warnings ...` to show where the warning was created)
✔ glubinnaya ten is standalone hell and void shadow content (1.601125ms)
✔ glubinnaya ten sprite has a broken body, second silhouette, and pale cuts (1.166833ms)
✔ glubinnaya ten second beat collapses when the player does not chase the afterimage (14.118166ms)
✔ glubinnaya ten second beat hits when the player enters the dark afterimage (5.006292ms)
(node:44258) Warning: `--localstorage-file` was provided without a valid path
(Use `node --trace-warnings ...` to show where the warning was created)
✔ tonkaya ten is standalone data, not a shadow variant (1.70575ms)
✔ tonkaya ten sprite is a readable narrow shadow with blue joints (0.744666ms)
✔ tonkaya ten arms a dark bait line and only hits hard when crossed (1829.296958ms)
✔ tonkaya ten loses nerve when ignored instead of getting the flank hit (2402.107792ms)
✔ tonkaya ten bait line can punish an NPC target that follows the silhouette (1749.707875ms)
(node:44260) Warning: `--localstorage-file` was provided without a valid path
(Use `node --trace-warnings ...` to show where the warning was created)
✔ protokolnik is a standalone ministry monster with normal rumor reachability (1.650917ms)
✔ protokolnik sprite reads as paper robe, red stamps, and blank stamp face (6.352959ms)
✔ generateSprite calls generateProtokolnikSprite with default parameters (1.483292ms)
✔ visual intensity of sprite scales with pressure tier (1.941125ms)
✔ protocol pressure grows from carried documents, caps, and eases after papers are dropped (16.075458ms)
✔ breaking protocol line publishes a protokolnik escape event (8.855625ms)
✔ idol stays an immobile ranged psi monolith with geometry counterplay (1.446209ms)
(node:44262) Warning: `--localstorage-file` was provided without a valid path
(Use `node --trace-warnings ...` to show where the warning was created)
✔ Khorovaya Matka is a standalone monster, not the old choir variant (1.871083ms)
✔ Khorovaya Matka choir countdown spawns capped children (1638.054917ms)
✔ clearing Khorovaya Matka children opens a vulnerability window and changes damage gating (2189.145625ms)
(node:44264) Warning: `--localstorage-file` was provided without a valid path
(Use `node --trace-warnings ...` to show where the warning was created)
✔ Kantselyarskiy Idol is standalone office-field monster content (2.656708ms)
✔ office field extends the shot through desks and carried papers, then cover interrupts it (19.581167ms)
✔ Kantselyarskiy Idol fires only after windup and then enters recovery (4.246291ms)
(node:44266) Warning: `--localstorage-file` was provided without a valid path
(Use `node --trace-warnings ...` to show where the warning was created)
✔ trubnyy avtomat is a standalone maintenance wet-line monster (5.236875ms)
✔ trubnyy wet-line targeting is bounded and denied by stepping off line (2.847042ms)
✔ trubnyy wet-line shot charges visibly and locks out during recovery (5.18075ms)
(node:44279) Warning: `--localstorage-file` was provided without a valid path
(Use `node --trace-warnings ...` to show where the warning was created)
✔ Lozhnyy Dukh is standalone door-phase content (1.6085ms)
✔ Lozhnyy Dukh sprite reads as a translucent side ghost with inner face (0.978875ms)
✔ false phase crosses one closed door after a cold-draft telegraph (15.871083ms)
✔ false phase does not tunnel arbitrary walls (189.856542ms)
✔ projectile and UV hits interrupt false phase and weaken the reveal (14.452916ms)
(node:44282) Warning: `--localstorage-file` was provided without a valid path
(Use `node --trace-warnings ...` to show where the warning was created)
✔ pomoyny roy is standalone food-swarm data with a readable trash sprite (2.568333ms)
✔ pomoyny roy detects exposed food farther away and chooses a flank slot (1428.999333ms)
✔ pomoyny roy follows dropped bait even while close to the player (1797.418334ms)
(node:44286) Warning: `--localstorage-file` was provided without a valid path
(Use `node --trace-warnings ...` to show where the warning was created)
✔ Shadow dark windup can hit an NPC target and light cancels the strike state (15.24475ms)
✔ Spirit target scan and wall phase movement do not require the player target (1579.473583ms)
✔ betonoed is a standalone weak-wall monster package (1.672917ms)
✔ betonoed ecology stays rare and has no old variant id (0.110209ms)
✔ betonoed shortcut spawns direct monster kind without variant plumbing (0.252583ms)
✔ lampovy remains a light-context monster, not a generic fast melee enemy (1.476ms)
(node:44291) Warning: `--localstorage-file` was provided without a valid path
(Use `node --trace-warnings ...` to show where the warning was created)
✔ pechateed local definition stays a kiteable document hunter (1.623042ms)
✔ pechateed sprite has a readable paper-and-stamp silhouette (0.747084ms)
✔ pechateed document scent targets NPC carriers, not only the player (11.491167ms)
✔ tube eel remains a water ambusher with dry-edge counterplay (1.52275ms)
✔ tube eel sprite is generated correctly and is readable (0.512666ms)
✔ paragraph stays a medium-range document shooter with a close-after-shot answer (1.688541ms)
✔ paragraph sprite reads as stamped paper, not an eye clone (5.316709ms)
(node:44298) Warning: `--localstorage-file` was provided without a valid path
(Use `node --trace-warnings ...` to show where the warning was created)
✔ common monster role data separates fodder, distance threat, and tank (1.573ms)
✔ generic melee monsters keep hunting past the old twenty-cell leash (1303.849875ms)
✔ sborka first sight is a cue, not a custom brain (1740.158209ms)
✔ ranged monsters keep their bounded search radius (1624.9105ms)
✔ tvar threatens from outside default melee range and punishes wall hugging (1667.622ms)
✔ polzun stays slow but becomes nastier in doors, bathrooms, and water (12.07825ms)
(node:44299) Warning: `--localstorage-file` was provided without a valid path
(Use `node --trace-warnings ...` to show where the warning was created)
✔ heavy ranged bosses use their own readable range, windup and counterplay data (15.000083ms)
✔ heavy ranged boss windup is interrupted by cover and reports the boss line (4.710875ms)
✔ heavy ranged boss phase cues are actor-local and progress one threshold at a time (5.984667ms)
✔ nightmare pressure is capped and breaks when the target leaves the room-scale range (1336.958792ms)
✔ nightmare pressure drops after heavy early damage (1731.60925ms)
✔ kostorez windup misses if the target leaves range (5.409166ms)
✔ safeguard windup is shotgun-interruptible without any online dependency (2.891583ms)
(node:44301) Warning: `--localstorage-file` was provided without a valid path
(Use `node --trace-warnings ...` to show where the warning was created)
✔ line threat context exposes bounded range, cover, and light facts (3.463208ms)
✔ common line shooters wind up on hostile NPCs and lose shots to cover (21.347792ms)
✔ robot plasma has only local wet-risk amplification (14.599917ms)
✔ lampovy publishes one local powered cue when combat starts under a lamp (1381.402875ms)
(node:44304) Warning: `--localstorage-file` was provided without a valid path
(Use `node --trace-warnings ...` to show where the warning was created)
✔ shared monster wall context is toroidal, local, and marks open floor (3.225417ms)
✔ tvar and shovnik share wall-bias cue and target-wall damage pressure (31.2975ms)
✔ rebar debris lurker uses only local scrap context for extended detection (1258.906083ms)
(node:44306) Warning: `--localstorage-file` was provided without a valid path
(Use `node --trace-warnings ...` to show where the warning was created)
✔ shared wet terrain helper covers fixtures, water texture, drain edges and bounded connection (3.257917ms)
✔ tube eel waterStrider damage is stronger in wet terrain and weaker on dry edge (14.84925ms)
✔ lotochnik drain armor and regeneration use local wet terrain only (1270.647375ms)
✔ noise probe reveals Chernosliz without a full water scan (1619.461583ms)
(node:44310) Warning: `--localstorage-file` was provided without a valid path
(Use `node --trace-warnings ...` to show where the warning was created)
✔ applyMonsterArmorHit passes full damage to generic unarmored monster (3.249084ms)
✔ applyMonsterArmorHit processes Chervie Avatar interactions correctly (2.779916ms)
✔ applyMonsterArmorHit processes Zakalennaya Armatura interactions correctly (3.613458ms)
✔ applyMonsterArmorHit categorizes hit kinds correctly (4.657375ms)
✔ blood plant definition, ecology, and sprite read as a red mold rooted hive (2.77525ms)
✔ generateMonsterLoot respects deterministic chances and counts (0.823292ms)
✔ generateMonsterLoot handles unknown kinds (0.712083ms)
(node:44315) Warning: `--localstorage-file` was provided without a valid path
(Use `node --trace-warnings ...` to show where the warning was created)
✔ green dog definition, ecology, and sprite read as a mossy pack predator (2.28925ms)
✔ green dog howl shares target only through a bounded pack radius query (1286.946625ms)
✔ green dog pack share is capped and cooldown-gated (1629.375333ms)
✔ green dog drops target and flees from shotgun or loud metal noise (1646.415209ms)
✔ green dog treats valve and pipe events as loud metal counterplay (1620.644333ms)
✔ matka definition, ecology, and sprite read as a warm-wall crawler spawner (2.370417ms)
(node:44322) Warning: `--localstorage-file` was provided without a valid path
(Use `node --trace-warnings ...` to show where the warning was created)
✔ Matka source owns a capped child budget instead of nearby refill pressure (1270.358083ms)
✔ killing Matka source leaves owned children alive but stops later source ticks (4.105166ms)
✔ Matka source sanitizes malformed saved child ids before accounting (1645.632709ms)
✔ mukhozhuk definition and ecology read correctly (1.474667ms)
✔ mukhozhuk sprite generation creates a valid sprite (1.124041ms)
(node:44328) Warning: `--localstorage-file` was provided without a valid path
(Use `node --trace-warnings ...` to show where the warning was created)
✔ nightmare definition, ecology, and sprite generation (7.419167ms)
✔ nightmare pressure builds up when player is in range and same room (1259.179084ms)
✔ nightmare pressure decays when player leaves the room (1646.545541ms)
✔ nightmare pressure breaks from heavy burst damage (1620.687083ms)
(node:44360) Warning: `--localstorage-file` was provided without a valid path
(Use `node --trace-warnings ...` to show where the warning was created)
✔ sculpture definition, ecology, and sprite read as a concrete anomaly (2.454542ms)
✔ sculpture freezes when an actor is looking at it within 45 degrees (5.167792ms)
✔ sculpture does not freeze when an actor is looking away (1263.186917ms)
✔ sculpture does not freeze if actor is out of 25 radius (1630.117583ms)
(node:44393) Warning: `--localstorage-file` was provided without a valid path
(Use `node --trace-warnings ...` to show where the warning was created)
✔ shovnik definition, ecology, rumors, and sprite check out (1.995375ms)
✔ shovnik reacts to wall proximity (1409.194334ms)
(node:44394) Warning: `--localstorage-file` was provided without a valid path
(Use `node --trace-warnings ...` to show where the warning was created)
✔ Slepoglaz definition, ecology, and sprite verify attributes and generation (2.820208ms)
✔ Slepoglaz aims at last sound position if present, and performs windup (9.545ms)
✔ Slepoglaz aims at old position via sight if no recent loud noise (3.216709ms)
✔ Slepoglaz completes windup and fires beam, dealing damage to target in line (10.76625ms)
✔ Slepoglaz uses close defense melee attack when target is too close (5.515625ms)
(node:44405) Warning: `--localstorage-file` was provided without a valid path
(Use `node --trace-warnings ...` to show where the warning was created)
✔ sobrannyy definition, ecology, and sprite describe a rare composite brute (2.769292ms)
✔ sobrannyy growth is capped after repeated damage (1300.586208ms)
✔ sobrannyy drops pursuit when target reaches active slime hazard (5.954834ms)
✔ sobrannyy wakes when a container is opened in its room (1780.092333ms)
(node:44410) Warning: `--localstorage-file` was provided without a valid path
(Use `node --trace-warnings ...` to show where the warning was created)
✔ spore carpet definition, ecology, and sprite read as a domestic lurking rug trap (2.632042ms)
✔ spore carpet wakes up when a target gets near (1336.733542ms)
✔ spore carpet burns and recoils from fire damage (6.836084ms)
✔ cold resident needs use world room restoration cadence when world is supplied (6.512708ms)
✔ passive health regen scales with current food (0.584417ms)
✔ passive health regen can stay on real time during accelerated simulation (0.551958ms)
(node:44418) Warning: `--localstorage-file` was provided without a valid path
(Use `node --trace-warnings ...` to show where the warning was created)
✔ Net market schema and setup include D1 impulse and snapshot tables (1.901375ms)
✔ Net market endpoint returns 503 when D1 binding is missing (21.818834ms)
✔ Net market POST rejects bad identity (0.607042ms)
✔ Net market POST inserts impulses idempotently by event key (1.717959ms)
✔ Net market POST rejects bursts above identity window budget (8.797125ms)
✔ Net market POST applies bounded aggregate quote snapshots (0.295375ms)
✔ Net market GET returns bounded snapshot rows (0.349625ms)
✔ Net market POST rejects oversized payloads (0.297625ms)
✔ Net market remote snapshot softly nudges local stock quotes only once (0.523875ms)
✔ Net Sphere Cloudflare config keeps concrete D1 binding and covers every D1 SQL file (2.041584ms)
✔ Net Sphere docs describe migration order, optional D1 tables, and local build boundary (0.255959ms)
✔ Net Sphere D1 base schema and historical names migration stay aligned with API columns (0.652ms)
✔ Net Sphere market migration mirrors canonical market tables and indexes (0.209208ms)
✔ Net Sphere endpoints return 503 when D1 binding is missing (25.559ms)
✔ Net Sphere worker routes GET and POST API requests without touching assets (2.105375ms)
✔ Net Sphere worker returns 405 with Allow header for unsupported API methods (0.586917ms)
✔ Net Sphere worker returns no-store 404 for unknown Net API paths (0.618375ms)
✔ Net Sphere worker falls back to assets outside Net API even when D1 is absent (0.68175ms)
✔ Net Sphere worker fails API softly when D1 is missing (0.275542ms)
✔ Net Sphere sanitizers remove unsafe text and truncate bounded fields (0.124125ms)
✔ Net Sphere input binding opens after game input prevention but ignores control capture (377.277708ms)
✔ Net Sphere hotkey only opens when gameplay menu shortcuts are allowed (0.281166ms)
✔ Net Sphere hotkey closes only when chat input is not active (0.16775ms)
✔ Net Sphere input scrolls loaded chat history and consumes wheel events (11.290291ms)
✔ Net Sphere aborts stalled client fetches and releases busy flags (1.911167ms)
✔ Net Sphere heartbeat handles 503 api errors and goes offline (1.644417ms)
✔ Net Sphere heartbeat handles fetch errors and goes offline (2.161334ms)
✔ Net Sphere stats poll handles fetch errors and goes offline (2.295084ms)
✔ Net Sphere market poll handles fetch errors and goes offline (1.396375ms)
✔ Net Sphere hello upserts presence and returns profile stats with fake D1 (0.574667ms)
✔ Net Sphere storage prune drops stale volatile rows without changing aggregate totals (1.259917ms)
✔ Net Sphere chat stores sanitized body and rate-limits same NET-GEN (0.772041ms)
✔ Net Sphere event summaries stay short and use last progress signal (0.63275ms)
✔ Net Sphere public event ids stay unique for duplicate timestamp and type (0.485791ms)
✔ Net Sphere does not expose NET-GEN-shaped legacy nicknames as public names (0.426417ms)
✔ Net Sphere market polling handles fetch errors and resets busy flag (0.820375ms)
(node:44424) Warning: `--localstorage-file` was provided without a valid path
(Use `node --trace-warnings ...` to show where the warning was created)
✔ normal net terminal placement puts at least sixteen usable terminals on a roomy floor (12.034625ms)
✔ using a net terminal without GEN opens bank access instead of denied-only access (5.863292ms)
✔ net terminal bank can deposit cash and withdraw account rubles (30.034292ms)
✔ net terminal overlays never release pointer lock (0.334125ms)
✔ missing GEN terminal access spawns one cooldowned Safeguard backlash when live entities are provided (13.111625ms)
✔ GEN access still routes terminals to the map editor path (7.673875ms)
(node:44425) Warning: `--localstorage-file` was provided without a valid path
(Use `node --trace-warnings ...` to show where the warning was created)
✔ net terminal gen flesh item is identified correctly (0.792125ms)
✔ hasNetTerminalGen returns false if player does not have item and state does not have access (3.134417ms)
✔ hasNetTerminalGen returns true if player has item (1.1235ms)
✔ hasNetTerminalGen returns true if state grants access (1.321166ms)
✔ netTerminalGenStateForSave copies state without mutating original (1.362208ms)
✔ summarizeNetTerminalGen returns an array of strings (1.672625ms)
✔ getNetHackTerminalDef returns correct definitions for valid IDs (1.1705ms)
✔ getNetHackTerminalDef returns undefined for invalid IDs (0.075625ms)
(node:44431) Warning: `--localstorage-file` was provided without a valid path
(Use `node --trace-warnings ...` to show where the warning was created)
▶ net_sphere storage wrappers
  ✔ storageGet returns value if present (0.52825ms)
  ✔ storageGet returns empty string if value is null (0.082291ms)
  ✔ storageGet returns empty string and catches error if storage throws (0.078917ms)
  ✔ storageSet catches error if storage throws (0.128209ms)
  ✔ storageSet sets item if no error (0.078291ms)
✔ net_sphere storage wrappers (1.756916ms)
(node:44432) Warning: `--localstorage-file` was provided without a valid path
(Use `node --trace-warnings ...` to show where the warning was created)
✔ isNetTerminalGenFleshItem correctly identifies net terminal flesh items (0.786583ms)
✔ ensureNetTerminalGenState generates state and applies it to GameState (5.553917ms)
✔ getNetTerminalGenState retrieves state if defined (1.545375ms)
✔ setNetTerminalGenState normalizes input and stores it on state (1.045333ms)
✔ isNetTerminalGenFleshDrop correctly identifies drop entities (0.099125ms)
✔ hasNetTerminalGen checks player inventory for flesh item (1.575917ms)
(node:44435) Warning: `--localstorage-file` was provided without a valid path
(Use `node --trace-warnings ...` to show where the warning was created)
✔ NPC barks only enter the log inside the configured player radius (5.722291ms)
✔ NPC bark radius is context controlled and reusable by authored warning barks (2.4785ms)
✔ out-of-radius bark attempts do not consume heard cooldown (12.786625ms)
✔ ambient NPC barks are log-only and alert barks remain HUD-eligible (0.102667ms)
✔ direct NPC quest messages carry the same distance metadata (3.978041ms)
(node:44436) Warning: `--localstorage-file` was provided without a valid path
(Use `node --trace-warnings ...` to show where the warning was created)
✔ citizen warning picks bounded deterministic local shelter candidates (9.386042ms)
✔ liquidator intent is role based and wounded responders stop holding (0.129042ms)
✔ shelter scoring respects faction ownership without scanning all rooms (2.558917ms)
✔ samosbor shelter scans rotate per NPC instead of using one shared prefix (2.953708ms)
✔ shelter crowd penalty counts room actors after unrelated local actors (6.040792ms)
✔ apply emergency decision only stamps one NPC AI target (3.76075ms)
✔ hosted NPC intake accepts a valid ZIP submission (38.530166ms)
✔ hosted NPC intake rejects missing consent (1.541ms)
✔ hosted NPC intake rejects oversized ZIP uploads (7.763125ms)
✔ hosted NPC intake rejects bad package hash and schema version (1.997167ms)
✔ hosted NPC intake updates moderation status (1.756333ms)
✔ hosted NPC intake export shape matches community drop-in contract (3.715042ms)
(node:44440) Warning: `--localstorage-file` was provided without a valid path
(Use `node --trace-warnings ...` to show where the warning was created)
✔ default NPC menu keeps barter inside the single trade option (5.129625ms)
✔ card deck is a non-active inventory item for NPC menu affordances (0.105292ms)
✔ bone dice are a non-active inventory item for NPC menu affordances (0.064042ms)
✔ domino box is a non-active inventory item for NPC menu affordances (0.056583ms)
✔ durak NPC menu option requires a card deck on either side and player stake money (1.11075ms)
✔ dice NPC menu option requires bone dice on either side and player stake money (0.945584ms)
✔ domino NPC menu option requires a domino box on either side and player stake money (0.987417ms)
✔ durak option opens a playable NPC interface without charging money until result (1.353917ms)
✔ dice option opens a playable NPC interface without charging money until result (0.315208ms)
✔ domino option opens a playable NPC interface without charging money until result (0.671416ms)
✔ floor 69 entertainment option is route and worker gated (1.614541ms)
✔ active source and scripts no longer read or export the old PLOT_NPCS projection (81.958333ms)
✔ intake questionnaire sync rejects source-less package summaries (0.228583ms)
(node:44446) Warning: `--localstorage-file` was provided without a valid path
(Use `node --trace-warnings ...` to show where the warning was created)
✔ package talk lines route as locked author text (1.818167ms)
✔ package ambient corpus becomes curated fallback when routed generation is unavailable (0.381542ms)
✔ package voice bio perk and trait tags enter Markov context without hidden secrets (0.188291ms)
✔ Demos posts and reactions can receive package bio tags from supplied facts (1.097208ms)
✔ plot safety-critical lines remain exact and ordinary NPC talk works without package (8.110458ms)
✔ unknown plot NPC ids do not synthesize speech packages (1.946083ms)
✔ minimal NPC package validates against the canonical schema (2.574167ms)
✔ NPC package displayName is the canonical authoring identity field (0.407125ms)
✔ NPC package normalization does not invent legacy FIO fields (0.230292ms)
✔ NPC package kind rejects internal reservation categories (0.195917ms)
✔ plot NPC projection keeps main plot explicit and side/design NPCs non-plot by default (0.290042ms)
✔ full NPC package covers bio, speech, social, RPG, visual and loadout fields (0.664083ms)
✔ NPC package registry rejects duplicate ids (0.39425ms)
✔ validateNpcPackages catches invalid packages and duplicates bypassing registry (0.196333ms)
✔ NPC package validator rejects bad floor keys (0.098375ms)
✔ NPC package validator rejects invalid item ids and stack overflow (0.187042ms)
✔ NPC package validator rejects invalid perks unless caller marks them extension-only (0.151875ms)
✔ NPC package validator enforces nine NPC social links plus separate player relation (0.18125ms)
✔ NPC package validator rejects out-of-range relation and karma values (0.108042ms)
✔ NPC package validator rejects non-object root and sub-objects (0.092ms)
✔ NPC package validator rejects function fields and runtime-only live entity ids (0.114625ms)
✔ NPC package validator rejects remote image URLs and public geometry leaks (0.077625ms)
✔ NPC package validator catches errors in visual configuration (0.11575ms)
✔ editor document exposes validation state and registry-derived lookup hints (0.505583ms)
✔ community drop-in folder validates and registers through explicit index path (0.53125ms)
✔ community folder id must match npc json package id (0.099458ms)
✔ community folder requires consent json (0.08375ms)
✔ community folder missing files array is allowed but validates missing required files (0.059459ms)
✔ community folder rejects missing files in files array (0.067541ms)
✔ community folder rejects extra unexpected files in files array (0.062667ms)
✔ community sprite payload rejects oversized RLE data (1.851958ms)
✔ validateNpcSpriteRlePayload rejects incorrect format (0.057458ms)
✔ community sprite payload rejects invalid palette and byte values (0.124791ms)
✔ community folder rejects invalid npc package data (0.0975ms)
✔ community validation does not load original source image fields (0.072334ms)
✔ npcPackageLookupHints provides expected arrays and merges context extras (0.488958ms)
✔ NPC package validator rejects invalid bio fields (0.5325ms)
(node:44449) Warning: `--localstorage-file` was provided without a valid path
(Use `node --trace-warnings ...` to show where the warning was created)
✔ main plot NPCs are registered as packages and expose package-derived plot defs (9.080584ms)
✔ package-derived A-Life reserved identities keep package and plot identity linked (6.866166ms)
✔ main plot first-contact and post dialogue still use exact authored order (2.346833ms)
✔ plot TALK quest response remains exact locked authored text (14.393042ms)
✔ killing a package-backed plot NPC still records durable plot death (153.236459ms)
(node:44452) Warning: `--localstorage-file` was provided without a valid path
(Use `node --trace-warnings ...` to show where the warning was created)
✔ routine thirst prefers a friendly kitchen over a closer hostile kitchen (155.92175ms)
✔ routine toilet pressure avoids hostile bathroom when a friendly bathroom is reachable (176.090125ms)
✔ routine work uses an assigned work room only when the room is friendly (158.152167ms)
✔ routine work keeps a friendly assigned work room as the strongest anchor (152.028625ms)
✔ cleaner work routine wipes nearby friendly surface marks without scanning the floor (156.131416ms)
✔ routine work can target an assigned room beyond the first scan window (158.163208ms)
✔ local family anchor suppresses traveler occupation routine (158.105333ms)
✔ survival need can trespass only after no friendly room candidate exists (146.74225ms)
(node:44454) Warning: `--localstorage-file` was provided without a valid path
(Use `node --trace-warnings ...` to show where the warning was created)
✔ Olga tutorial lock is selected from package data and expires to ordinary AI (1.990666ms)
✔ getNpcSpecialRoutine returns the correct routine or undefined (0.085375ms)
✔ Barinov uses the starter range lock from package data (0.11825ms)
✔ NPCs without package special routine fall through to occupation AI (2.003416ms)
(node:44460) Warning: `--localstorage-file` was provided without a valid path
(Use `node --trace-warnings ...` to show where the warning was created)
✔ NPC utility identity seed prefers stable A-Life identity over transient entity id (0.839416ms)
✔ NPC utility scores urgent water over routine work without a hard schedule (0.750208ms)
✔ NPC utility rhythm is soft pressure rather than zero-or-one schedule state (0.141667ms)
✔ NPC utility hysteresis keeps close routine winners but yields to emergency intents (0.104792ms)
✔ NPC utility threat scoring can choose flee over routine needs (0.140583ms)
✔ NPC utility target preference is stable across candidate order and respects work room affinity (0.216375ms)
✔ NPC runtime utility lets urgent thirst beat work at working hours (147.465125ms)
✔ NPC runtime utility does not force lunch from the noon clock edge (164.041125ms)
✔ samosbor forceHide enters shelter state without bypassing utility cadence (150.930833ms)
✔ categorizeNpcAge returns adult when age is undefined (0.732458ms)
✔ categorizeNpcAge categorizes children (age <= 14) (0.105833ms)
✔ categorizeNpcAge categorizes young (14 < age <= 25) (0.079834ms)
✔ categorizeNpcAge categorizes adult (25 < age < 60) (0.060333ms)
✔ categorizeNpcAge categorizes old (age >= 60) (0.055167ms)
(node:44465) Warning: `--localstorage-file` was provided without a valid path
(Use `node --trace-warnings ...` to show where the warning was created)
▶ npcCombatProfile: brave logic
  ✔ brave when psiMadness > 0 (2.304583ms)
  ✔ brave when occupation has combat/patrol tag (HUNTER) (0.141959ms)
  ✔ brave when faction is LIQUIDATOR, CULTIST, or WILD (0.092125ms)
  ✔ not brave when none of the conditions are met (0.063667ms)
✔ npcCombatProfile: brave logic (3.407417ms)
▶ npcCombatProfile: weapon logic (armed & ranged)
  ✔ unarmed (default bare hands) (0.078708ms)
  ✔ armed with basic melee (>3 dmg) (0.053125ms)
  ✔ armed with ranged weapon (0.052042ms)
✔ npcCombatProfile: weapon logic (armed & ranged) (0.382041ms)
▶ npcCombatProfile: HP logic (hpRatio)
  ✔ hpRatio correctly calculated (0.114458ms)
  ✔ fallback logic (20/20) (0.061417ms)
  ✔ hp is bounded (0.041791ms)
✔ npcCombatProfile: HP logic (hpRatio) (0.363541ms)
▶ npcCombatProfile: threatScore logic
  ✔ threatScore calculations match expected values (0.081291ms)
✔ npcCombatProfile: threatScore logic (0.169792ms)
✔ rememberRecentRumorLead stores a rumor that can be retrieved before expiry (0.76425ms)
✔ getRecentRumorLead returns undefined if accessed after expiry and clears memory (0.070417ms)
✔ getRecentRumorLead returns undefined initially when no rumor is set (0.056125ms)
(node:44469) Warning: `--localstorage-file` was provided without a valid path
(Use `node --trace-warnings ...` to show where the warning was created)
✔ player attack lowers personal NPC relation and can make that NPC hostile (0.977792ms)
✔ getFactionPlayerRelation correctly resolves faction vs player relationships (0.08025ms)
✔ quest completion gives small faction gain and stronger giver relation gain (14.7405ms)
✔ addNpcPlayerRelation modifies existing personal relation (0.087125ms)
✔ addNpcPlayerRelation initializes from faction relation if not set (0.078208ms)
✔ addNpcPlayerRelation clamps the relation within [-100, 100] (0.057875ms)
✔ occupation profiles cover every Occupation enum value exactly once (6.640042ms)
✔ occupation profiles expose routine, trade and craft facts used by systems (0.15425ms)
✔ occupation profile tags drive cross-system matching aliases (0.137041ms)
✔ occupationHasTradeTag correctly identifies trade tags for occupations (0.067042ms)
✔ Floor 69 worker role promotes candidate jobs into systemic occupation (0.267ms)
✔ floor role profiles do not invent occupations except explicit systemic promotions (0.214041ms)
✔ Olga visual id matches walk and harm animation clips (1.419625ms)
✔ Olga plot NPC id fallback matches only when visual id is absent (0.090417ms)
✔ Olga harm clip priority beats walk clip (0.087917ms)
✔ Olga walk and harm clip frame facts match the frame pack contract (0.101459ms)
✔ world path blockers are a flat 8-row-per-cell layer (3.270833ms)
✔ path blocker row writes bump version only on actual changes (2.368916ms)
✔ clearing all path blockers clears everything and bumps dirty version once (0.151917ms)
✔ clearing path blockers at one cell clears all rows with one dirty bump (4.415209ms)
✔ pathBlockedAt maps centers, subcell edges and torus wrapping (3.853041ms)
✔ pathBlockedAt identifies subcell coordinate blockers with mocked world (0.406916ms)
✔ path blocker defs use stable unique snake_case ids (0.836292ms)
✔ feature blocker mapping resolves to existing definitions (0.145709ms)
✔ container blocker mapping keeps tiny containers non-blocking (0.109125ms)
✔ path blocker rows are eight consecutive bytes per world cell (6.461917ms)
✔ canActorOccupy rejects a human center inside a stamped table-like mask (3.447458ms)
✔ a masked cell can remain passable at a clear subcell (2.112291ms)
✔ separate X/Y occupancy checks allow sliding around a fine blocker (3.240209ms)
✔ ignoreFineBlockers bypasses masks but not coarse walls unless requested (4.860167ms)
✔ movement occupancy samples blocker masks across the torus edge (3.109542ms)
✔ nearest actor occupancy escapes a fine blocker without leaving the local cell when possible (3.326375ms)
✔ actor blocker unstuck moves to nearest free point and clears stale path state (3.925666ms)
✔ actor blocker unstuck searches around coarse solids too (3.949ms)
(node:44475) Warning: `--localstorage-file` was provided without a valid path
(Use `node --trace-warnings ...` to show where the warning was created)
✔ floor memory save excludes full path blocker arrays (26.554541ms)
✔ top-level save payload does not acquire path blocker storage (23.262916ms)
✔ current path blocker source does not derive collision from render-only mesh data (0.233625ms)
(node:44476) Warning: `--localstorage-file` was provided without a valid path
(Use `node --trace-warnings ...` to show where the warning was created)
✔ platform bridge detects explicit portal query safely (1.56275ms)
✔ portalTargetFromSearchOrMeta correctly parses search and meta values with fallbacks (0.108666ms)
✔ portal compact save keeps a current-shape resume profile without heavy floor memory (2.707667ms)
✔ platform cloud save keeps the raw payload under the strictest portal limit (0.073458ms)
✔ platform cloud save is a no-op without an SDK (0.231125ms)
✔ GamePush script load without callback resolves without hanging (0.627125ms)
✔ strict portal mode blocks casino-like and adult-route surfaces (0.115584ms)
✔ design floor profile owns route-specific render and trap policy (0.071125ms)
✔ platform cloud save uses the larger GamePush raw progress budget (0.708083ms)
✔ GamePush cloud save prefers compact current-shape profile for large saves (0.390791ms)
✔ platform bridge can read wrapped GamePush cloud save without local mutation (0.481209ms)
✔ platform cloud hydration does not overwrite a newer localStorage change (0.216292ms)
✔ platform audio is correctly tracked via local fallback when SDK is absent (0.099292ms)
✔ platform audio is tracked and toggled via GamePush SDK if present (0.078333ms)
✔ platform bridge correctly resolves yandex sdk load script if document is present (10.195958ms)
✔ platform bridge lifecycle markers safely interact with mocked Yandex and GamePush SDKs (4.012625ms)
(node:44477) Warning: `--localstorage-file` was provided without a valid path
(Use `node --trace-warnings ...` to show where the warning was created)
✔ last player damage keeps monster source for death cause (1.083292ms)
✔ stale player damage is not reused as a death cause (0.106042ms)
✔ player projectile damage keeps projectile source and actionable shooter detail (0.096ms)
✔ player damage detail hides binary float tails (0.088958ms)
✔ needs starvation records player damage cause (2.070958ms)
✔ needs dehydration records player damage cause (0.446958ms)
✔ cell hazard damage records hazard cause (3.0125ms)
✔ samosbor shelter failure records samosbor damage cause (5.946ms)
✔ toroidal edge projectile swept query finds player across wrap (2.32275ms)
(node:44478) Warning: `--localstorage-file` was provided without a valid path
(Use `node --trace-warnings ...` to show where the warning was created)
✔ pneumomail intake covers required capsule outcomes with bounded history (11.278083ms)
✔ pneumomail intercept, jam, and report publish explicit events (2.988959ms)
✔ game code never releases pointer lock programmatically (49.788625ms)
✔ procedural monster variants do not stamp one shared red eye motif over base art (6.341208ms)
(node:44481) Warning: `--localstorage-file` was provided without a valid path
(Use `node --trace-warnings ...` to show where the warning was created)
✔ conway life helper applies B3/S23 rules (0.73275ms)
✔ conway life control freezes and resets an arena without hiding the control (3.641ms)
✔ conway life world window mutates a bounded noisy field (14.305458ms)
(node:44482) Warning: `--localstorage-file` was provided without a valid path
(Use `node --trace-warnings ...` to show where the warning was created)
✔ radio chess phase danger is deterministic for color phases (0.730791ms)
✔ radio chess phase danger supports file, rank, and knight patterns (0.1245ms)
✔ radio chess applies pressure on fixed cadence with visible phase cue (3.086417ms)
✔ radio chess beacon control freezes and restores the local arena (2.427833ms)
(node:44483) Warning: `--localstorage-file` was provided without a valid path
(Use `node --trace-warnings ...` to show where the warning was created)
✔ summarizeProceduralSmog ignores non-smog anomaly (8.411458ms)
✔ summarizeProceduralSmog handles smog active but ungenerated source (3.8405ms)
✔ summarizeProceduralSmog summarizes active smog correctly (5.224916ms)
✔ summarizeProceduralSmog summarizes handled smog correctly (4.526333ms)
(node:44484) Warning: `--localstorage-file` was provided without a valid path
(Use `node --trace-warnings ...` to show where the warning was created)
✔ formatFloorZ formats zero correctly (0.751709ms)
✔ formatFloorZ formats positive numbers correctly (0.0675ms)
✔ formatFloorZ formats negative numbers correctly (0.055ms)
✔ createFloorRunState initializes with random seed and currentZ based on FloorLevel (1.949ms)
✔ createFloorRunState uses provided FloorLevel (0.528208ms)
✔ normalizeFloorRunState falls back correctly for missing or invalid values (1.498042ms)
✔ unlockFloorZ and isFloorZUnlocked (0.41775ms)
✔ unlockFloorZ rejects invalid Z limits (0.305916ms)
✔ setFloorRunState and floorRunStateForSave (2.055333ms)
(node:44485) Warning: `--localstorage-file` was provided without a valid path
(Use `node --trace-warnings ...` to show where the warning was created)
✔ PSI shield restores HP loss and spends 10 percent of blocked damage from PSI (4.482625ms)
✔ PSI possession requires higher player intelligence and expires into backlash madness (3.041ms)
✔ PSI possession fails closed when target intelligence is not lower (3.734791ms)
✔ PSI shield can protect whichever entity is the current player (3.233917ms)
▶ PWA Module
  ▶ registerPwaServiceWorker
    ✔ does nothing if serviceWorker is not in navigator (1.005958ms)
    ✔ does not register if not secure context and not localhost (0.190917ms)
    ✔ registers service worker if secure context (0.324667ms)
    ✔ registers service worker if localhost but not secure context (0.195458ms)
    ✔ catches synchronous errors during registration (0.201208ms)
    ✔ errors are logged to console.error (0.32175ms)
  ✔ registerPwaServiceWorker (2.709083ms)
  ▶ isStandaloneDisplay
    ✔ returns false if window is undefined (0.139625ms)
    ✔ returns false if navigator is undefined (0.074042ms)
    ✔ returns true for fullscreen (0.083917ms)
    ✔ returns true for standalone (0.108375ms)
    ✔ returns true for minimal-ui (0.097959ms)
    ✔ returns true for navigator.standalone (0.072541ms)
    ✔ returns false if none match (0.065542ms)
    ✔ returns false if window.matchMedia is undefined (0.06775ms)
  ✔ isStandaloneDisplay (0.846875ms)
✔ PWA Module (4.469333ms)
(node:44487) Warning: `--localstorage-file` was provided without a valid path
(Use `node --trace-warnings ...` to show where the warning was created)
✔ death continuation resets non-story quests and keeps plot quests (1.946584ms)
✔ dead plot talk target auto-completes the active story talk quest (3.939208ms)
(node:44488) Warning: `--localstorage-file` was provided without a valid path
(Use `node --trace-warnings ...` to show where the warning was created)
✔ generic kill quests count matching monsters on any current floor (1.009375ms)
✔ floor-targeted kill quests do not count matching monsters on a wrong floor (3.170458ms)
✔ plot NPC kill quests do not count ordinary monster kills (0.117917ms)
✔ risk-only contract route metadata does not bypass target floor checks (1.02525ms)
(node:44489) Warning: `--localstorage-file` was provided without a valid path
(Use `node --trace-warnings ...` to show where the warning was created)
✔ authored kill pressure waits for its interval and spawns from plot data (4.067167ms)
(node:44490) Warning: `--localstorage-file` was provided without a valid path
(Use `node --trace-warnings ...` to show where the warning was created)
▶ applyStoryQuestOutcome
  ✔ ignores non-complete_quest outcomes (0.731791ms)
  ✔ returns false if no matching active quest is found (0.145041ms)
  ✔ completes a matched non-FETCH story quest and consumes item if specified (1.672792ms)
  ✔ completes a matched FETCH story quest and does NOT double-consume item if it matches targetItem (0.213833ms)
✔ applyStoryQuestOutcome (6.051958ms)
(node:44491) Warning: `--localstorage-file` was provided without a valid path
(Use `node --trace-warnings ...` to show where the warning was created)
✔ rail train can board at a platform and keeps the passenger on route (4.547166ms)
✔ rail train rebuild install clears stale train cells and exits interrupted passenger to platform (10.0395ms)
✔ seededRandom produces deterministic values (0.774625ms)
✔ withSeededRandom produces deterministic rng() values and restores state (0.791916ms)
✔ withSeededRandom restores rng state even if an error is thrown (0.220625ms)
✔ _overrideRng/_restoreRng work for test mocking (0.098ms)
(node:44493) Warning: `--localstorage-file` was provided without a valid path
(Use `node --trace-warnings ...` to show where the warning was created)
✔ ration coupon ids resolve through items, resources, and tags (2.830541ms)
✔ using a fair ration coupon spends stock and grants ration output (2.549541ms)
✔ water trades for a queue place only inside a ration queue room (2.730916ms)
✔ bread can jump the ration queue at crowd risk (2.484334ms)
✔ ration queue item trades are capped per local room window (2.6375ms)
✔ using a ration stamp pad forges a dangerous ration card (1.660041ms)
✔ reporting a forged ration card resolves the audit into Kvartiry stock (1.148625ms)
✔ stolen coupon events publish a ration-specific theft consequence (0.541542ms)
✔ procedural CPU frame cache reuses the same clip visual phase key (1.279208ms)
✔ different procedural phase buckets can produce different frames (0.213875ms)
✔ procedural frame cache trims oldest entries at cap (0.256417ms)
✔ procedural source falls back cleanly when generator fails (0.172584ms)
✔ phase-only procedural source returns shader params without frame generation (0.860083ms)
✔ procedural animation sources register by stable id for runtime resolution (0.32875ms)
✔ render animation resolver gives harm priority over walk (1.175084ms)
✔ render animation walk loop starts on movement and stops on idle (0.126333ms)
✔ render animation once clip ends after duration (0.111ms)
✔ render animation retrigger cooldown suppresses repeated one-shots (0.119792ms)
✔ render animation runtime trims by last seen time and cap (0.122083ms)
▶ render/hud_fx
  ▶ flicker()
    ✔ returns values within expected opacity bounds (1.490292ms)
    ✔ is deterministic (0.075416ms)
    ✔ incorporates pulse and glitch over time (0.052792ms)
    ✔ applies glitch effect when hash is high enough (0.062542ms)
  ✔ flicker() (2.053459ms)
✔ render/hud_fx (2.438625ms)
(node:44497) Warning: `--localstorage-file` was provided without a valid path
(Use `node --trace-warnings ...` to show where the warning was created)
✔ initWebGL throws error when WebGL2 context creation fails (1.526542ms)
✔ initWebGL handles WebGL context creation throwing error (0.109083ms)
✔ createOptionalMeshPass returns undefined and logs warning on error (0.19975ms)
✔ every RoomType has a room affordance registry row (0.827875ms)
✔ core living affordances are centralized by room type (0.09725ms)
✔ room expected features describe feature-first interactable surfaces (0.067791ms)
✔ NPC utility target scoring consumes room affordance weights for base intents (0.078917ms)
✔ routine safety keeps its narrower pre-registry room scoring (0.065708ms)
✔ room affordance def returns the full definition for a room type (0.543458ms)
(node:44499) Warning: `--localstorage-file` was provided without a valid path
(Use `node --trace-warnings ...` to show where the warning was created)
✔ room memory records public and local player deeds but ignores private events (5.014291ms)
✔ room memory decays on slow ticks and expires without a save shape (0.232958ms)
✔ room memory keeps only the bounded newest/highest records (1.484375ms)
✔ room memory accumulates bits, max severity and max ttl across multiple events (0.165709ms)
✔ roomMemoryIsHostile and roomMemoryIsHelpful correctly identify record types based on bits (0.1395ms)
✔ room memory outcome helpers compute valid thresholds for interactions (0.189625ms)
(node:44500) Warning: `--localstorage-file` was provided without a valid path
(Use `node --trace-warnings ...` to show where the warning was created)
✔ paid route cue spends money without revealing hidden map cells (11.223375ms)
✔ paid route cue does not charge without enough money (7.8925ms)
✔ XP calculations correctly scale with level (0.770791ms)
✔ RPG stat creation and bounding works correctly (0.145833ms)
✔ Core getters scale correctly with level and stats (0.076667ms)
✔ RPG stat effects compute the correct multipliers (0.202417ms)
✔ awardXP processes XP and levels up correctly (0.388ms)
✔ awardXP scales with INT multiplier (0.072542ms)
✔ spendAttrPoint works correctly and updates maxHp/maxPsi (0.085833ms)
✔ Monster and NPC kill XP calculate correctly (0.063792ms)
✔ calcZoneLevel returns appropriate zone level based on coordinates and floor (0.12375ms)
✔ Monster scaling scales stats by level (0.117917ms)
✔ Quest difficulty and rewards calculate correctly (0.073459ms)
(node:44502) Warning: `--localstorage-file` was provided without a valid path
(Use `node --trace-warnings ...` to show where the warning was created)
✔ rubber door wedge is a reachable maintenance tool-resource item (1.503667ms)
✔ rubber door wedge repairs a damaged hermodoor through the E interaction path (14.159875ms)
(node:44503) Warning: `--localstorage-file` was provided without a valid path
(Use `node --trace-warnings ...` to show where the warning was created)
✔ runtime topology features publish safety contracts (1.585458ms)
✔ conway life runtime mutation bumps topology dirty versions and skips protected cells (12.541041ms)
✔ living tunnels runtime mutation bumps topology dirty versions (10.54875ms)
✔ living tunnels preserve route lift anchor buffers during runtime growth (10.213292ms)
✔ living tunnel active cuts can be sealed away from the root apparatus (16.612334ms)
✔ wall snake runtime path preserves route-critical cells and marks solidity dirty (4.1315ms)
✔ wall snake topology dirtying is batched instead of every frame (3.435208ms)
✔ wall snake field runs multiple independent phased snakes (2.978959ms)
✔ wall snake larvae are white blocks with black heads and eat meat into cavities (4.779166ms)
✔ wall snake control bait shortens and pauses the moving wall (3.849833ms)
✔ wall snake bait is only consumed at snake body or control screen (2.485541ms)
✔ section shift warns before moving bounded topology and keeps player escapable (4.235459ms)
✔ section shift control freeze has a cooldown instead of refreshing forever (2.783208ms)
✔ sandpile perekrytie collapse opens a seam, preserves lift buffers and marks topology dirty (5.79225ms)
✔ rail train runtime cell map is rebuilt from live train positions each update (5.021625ms)
(node:44505) Warning: `--localstorage-file` was provided without a valid path
(Use `node --trace-warnings ...` to show where the warning was created)
▶ safeguard hack backlash spawn tests
  ✔ spawns a safeguard monster successfully (4.727792ms)
  ✔ prevents spawn if active safeguard is nearby (2.661625ms)
  ✔ prevents spawn if terminal cooldown is active (2.523417ms)
  ✔ prevents spawn if no valid spawn cells are available (6.539917ms)
  ✔ prevents spawn if entity limit is reached (8.036625ms)
  ✔ prevents spawn if floor cooldown is active (4.753375ms)
  ✔ allows spawn if terminal cooldown expired (3.593375ms)
✔ safeguard hack backlash spawn tests (33.972166ms)
(node:44506) Warning: `--localstorage-file` was provided without a valid path
(Use `node --trace-warnings ...` to show where the warning was created)
✔ samosbor extra patrol is a fixed-pool A-Life migration, not anonymous refill (169.200541ms)
✔ samosbor extra patrol fails instead of spawning when no A-Life identities are reusable (160.825208ms)
(node:44507) Warning: `--localstorage-file` was provided without a valid path
(Use `node --trace-warnings ...` to show where the warning was created)
✔ istotit shelter tally aftermath is visible in world log and HUD (5.759166ms)
✔ active samosbor HUD text avoids expensive Canvas2D blur shadows (1.137666ms)
✔ pre-active samosbor warning uses locked samosbor text channel (0.351333ms)
(node:44510) Warning: `--localstorage-file` was provided without a valid path
(Use `node --trace-warnings ...` to show where the warning was created)
✔ samosbor wave does not mutate aptMask or protected apartment cells (138.231375ms)
✔ samosbor wave queues through toroidal wrap without duplicates (121.845834ms)
✔ samosbor wave respects the per-tick budget (112.570916ms)
✔ samosbor wave cleanup keeps player standing in an open door cell (111.419167ms)
✔ samosbor scale can be local or full depending on roll (0.379958ms)
✔ samosbor duration grows and cooldown shrinks by absolute route z (3.39725ms)
✔ samosbor wave leaves doors, containers, route cues, and entity cells consistent after patch (112.214667ms)
✔ finished local samosbor wave splices a regenerated field and stitches old boundary floors (121.532167ms)
✔ finished local samosbor wave copies fresh replacement geometry inside the field only (125.901458ms)
✔ finished local samosbor wave does not patch behind a hermowall barrier (121.14725ms)
✔ finished local samosbor wave treats hermetic doors as a patch barrier (122.785291ms)
✔ finished local samosbor wave strips replacement doors instead of leaving door traces (120.681958ms)
(node:44511) Warning: `--localstorage-file` was provided without a valid path
(Use `node --trace-warnings ...` to show where the warning was created)
✔ classifySamosborWaveCellForTests returns floor for ring <= 1 (0.741209ms)
✔ classifySamosborWaveCellForTests returns deterministic roles based on seed for ring > 1 (0.370708ms)
✔ getSamosborWaveDebugLines returns default when no active wave snapshot (0.135709ms)
(node:44512) Warning: `--localstorage-file` was provided without a valid path
(Use `node --trace-warnings ...` to show where the warning was created)
✔ save runtime accepts only the current shape version (0.688875ms)
(node:44513) Warning: `--localstorage-file` was provided without a valid path
(Use `node --trace-warnings ...` to show where the warning was created)
✔ compactSaveData handles primitives correctly (0.791125ms)
✔ compactSaveData handles numbers correctly (2.184541ms)
✔ compactSaveData handles strings correctly (0.088167ms)
✔ compactSaveData handles arrays correctly (0.848583ms)
✔ compactSaveData handles objects correctly (0.167959ms)
✔ compactSaveData handles unsupported types (0.04975ms)
(node:44514) Warning: `--localstorage-file` was provided without a valid path
(Use `node --trace-warnings ...` to show where the warning was created)
✔ Hell holdout arrivals keep liquidator guards inside A-Life capacity (307.676584ms)
✔ Hell holdout arrivals do not duplicate or replace dead Major Grom (127.590125ms)
(node:44515) Warning: `--localstorage-file` was provided without a valid path
(Use `node --trace-warnings ...` to show where the warning was created)
✔ seroburmaline exposure increases when looking at source (6.131041ms)
✔ seroburmaline fades when not on MAINTENANCE floor (2.489458ms)
✔ seroburmaline is avoided when near but looking down (2.527375ms)
✔ seroburmaline is avoided when near but facing away (4.622375ms)
✔ wounded far-away actors still leave persistent blood marks in world surface state (4.810917ms)
✔ far-away projectile impacts still leave persistent bullet marks in world surface state (5.864958ms)
✔ repeated projectile impacts keep repainting the same surface cell (2.782208ms)
✔ surface marks report dirty cells after renderer baseline upload (3.834125ms)
✔ wall projectile marks dirty only the impacted wall cell (2.630417ms)
(node:44517) Warning: `--localstorage-file` was provided without a valid path
(Use `node --trace-warnings ...` to show where the warning was created)
✔ Bad Apple projector audio is sourced from the frame rectangle center (0.7525ms)
✔ Bad Apple projector audio reaches just outside the frame border (0.063833ms)
✔ samosbor room siren sources use centers of living rooms only (2.417584ms)
✔ normalizePlayerStatuses removes invalid or expired statuses and caps durations (0.883917ms)
✔ applySporeHaze applies status with correct intensity depending on gear (0.211083ms)
✔ cureSporeHaze removes the status (0.149ms)
✔ applyPaupsinaWeb applies status (0.097708ms)
✔ reducePaupsinaWeb reduces duration and can free entity (0.144084ms)
✔ applyZhelemishSkin applies status and rolls bad reaction (0.163625ms)
✔ cureZhelemishSkin removes the status (0.106667ms)
(node:44519) Warning: `--localstorage-file` was provided without a valid path
(Use `node --trace-warnings ...` to show where the warning was created)
✔ stock market state normalizes from empty save (0.956292ms)
✔ stock market state normalizes from invalid primitive state (0.823125ms)
✔ stock market state normalizes corrupted quotes (0.155333ms)
✔ stock market state normalizes corrupted portfolio, skipping unknown corps and zero shares (0.097333ms)
✔ buying shares debits banking account and records portfolio/event (1.235083ms)
✔ buying refuses fractional shares and insufficient account balance (0.131875ms)
✔ selling shares credits banking account and reduces portfolio (0.34825ms)
✔ portfolio value and save snapshot stay compact (0.354458ms)
✔ random stock tick changes quotes within bounds (0.359625ms)
✔ applyRemoteStockMarketSnapshot updates quotes based on remote snapshot (0.181459ms)
✔ applyRemoteStockMarketSnapshot ignores older or same snapshot (0.11475ms)
✔ applyRemoteStockMarketSnapshot handles null snapshot gracefully (0.103875ms)
✔ production event raises related factory corporation quote (0.784042ms)
✔ stock market state normalizes recent trades, filtering out invalid and enforcing cap (0.158125ms)
✔ industrial monster kill and slime science events move matching corporations (0.425625ms)
(node:44520) Warning: `--localstorage-file` was provided without a valid path
(Use `node --trace-warnings ...` to show where the warning was created)
✔ story death drop appears only when its quest prerequisite is active (3.394625ms)
✔ default story outcome registry references existing items (0.72625ms)
✔ picked story item can complete the same quest edge as a talk interaction (1.715292ms)
✔ story item use can consume evidence after completing an equivalent quest outcome (0.295583ms)
✔ malformed and over-cap story drop data is sanitized (0.133959ms)
✔ main has no direct strange_clot story-drop branch after migration (0.905375ms)
✔ stampBlackHandMark works on floor cells (4.11475ms)
✔ stampBlackHandMark fails on invalid cell type (2.984791ms)
✔ stampBlackHandMark respects the 48-cell cap (6.458083ms)
✔ stampBlackHandTrail places marks up to the limit (3.521166ms)
✔ stampBlackHandMark updates the surface version and pending dirty cells (3.123542ms)
✔ cleanSurfaceArea basics (3.104166ms)
✔ cleanSurfaceArea should clean multiple pixels and cells (2.464834ms)
✔ cleanSurfaceArea options shouldCleanCell is respected (3.372458ms)
✔ cleanSurfaceArea minimum dec is respected (3.317333ms)
✔ cleanSurfaceArea distances outside radius are ignored (2.350167ms)
✔ getBlackHandMarkCells returns empty array for new world (2.895625ms)
✔ stampBlackHandMark creates a mark on valid cells (4.507375ms)
✔ stampBlackHandMark handles wrap around coordinates (3.897958ms)
✔ stampBlackHandMark fails on invalid cells like ABYSS (3.089375ms)
✔ stampBlackHandMark limits to BLACK_HAND_MARK_CELL_CAP capacity (6.548584ms)
✔ stampBlackHandMark ignores duplicate stamps on same cell (3.351208ms)
(node:44524) Warning: `--localstorage-file` was provided without a valid path
(Use `node --trace-warnings ...` to show where the warning was created)
✔ getEconomyQuote returns default response for unknown item (1.807167ms)
✔ getEconomyQuote calculates correct prices considering item value, demand, tariff and spread (0.816417ms)
✔ getEconomyQuote applies additional tariff multiplier via options (0.205042ms)
✔ getEconomyQuote returns prices based on provided floor (0.117459ms)
✔ getEconomyQuote uses trader properties for spread (0.140667ms)
✔ getEconomyQuote processes price_pressure_cap if raw multiplier exceeds cap (0.103542ms)
✔ getEconomyQuote adds custom tags and reasons (0.117708ms)
(node:44525) Warning: `--localstorage-file` was provided without a valid path
(Use `node --trace-warnings ...` to show where the warning was created)
✔ cell territory initialization preserves authored cell control over zone metadata (19.17125ms)
✔ cell territory initialization can seed from zone metadata when no authored field exists (14.751834ms)
✔ territory helpers paint cells while preserving protected ownership (5.4565ms)
✔ room territory owner derives from mapped cells instead of zone metadata (2.486542ms)
✔ zone metadata sync follows dominant cell territory and stays derived (2.310625ms)
✔ territory capture needs local faction pressure, not one idle traveler (7.049959ms)
✔ territory capture does not overwrite samosbor-owned cells (3.16225ms)
✔ runtime systems route cell territory reads and writes through territory helpers (11.327167ms)
✔ randomTip returns a correctly formatted string (0.770208ms)
✔ randomTip covers bounds with seeded global RNG (1.874875ms)
(node:44527) Warning: `--localstorage-file` was provided without a valid path
(Use `node --trace-warnings ...` to show where the warning was created)
✔ NPC purchase consumes staged player offer as trade credit before cash (5.991ms)
✔ symmetric trade stages NPC ask and player offer without mutating inventories (0.43ms)
✔ symmetric trade commits baskets with only cash delta and no change (0.5945ms)
✔ symmetric trade pays NPC change when the trader has cash (0.365333ms)
✔ NPC accepts a player-only profitable barter offer (0.412667ms)
✔ symmetric trade rejects missing cash delta without mutation and keeps baskets (0.200833ms)
✔ trade credit can partially discount an NPC purchase with cash top-up (0.311333ms)
✔ trade credit purchase rejects missing cash top-up without mutation (0.156333ms)
✔ trade credit offer caps distinct staged slots and can be cleared (10.603958ms)
